Component: ARM Compiler 5.06 update 6 (build 750) Tool: armlink [4d35ed]

==============================================================================

Section Cross References

    main.o(i.key1_check_task) refers to printf3.o(i.__0printf$3) for __2printf
    main.o(i.key1_check_task) refers to delay.o(i.delay_ms) for delay_ms
    main.o(i.key1_check_task) refers to os_task.o(i.OSTaskSuspend) for OSTaskSuspend
    main.o(i.key1_check_task) refers to main.o(.data) for key1_count
    main.o(i.key_handler_task) refers to os_mbox.o(i.OSMboxPend) for OSMboxPend
    main.o(i.key_handler_task) refers to os_task.o(i.OSTaskResume) for OSTaskResume
    main.o(i.key_handler_task) refers to os_sem.o(i.OSSemPost) for OSSemPost
    main.o(i.key_handler_task) refers to usart.o(i.Usart_SendString) for Usart_SendString
    main.o(i.key_handler_task) refers to main.o(.data) for key_msg_event
    main.o(i.key_scan_task) refers to os_mbox.o(i.OSMboxPost) for OSMboxPost
    main.o(i.key_scan_task) refers to delay.o(i.delay_ms) for delay_ms
    main.o(i.key_scan_task) refers to main.o(.data) for key_msg_event
    main.o(i.led0_task) refers to delay.o(i.delay_ms) for delay_ms
    main.o(i.led1_task) refers to delay.o(i.delay_ms) for delay_ms
    main.o(i.main) refers to misc.o(i.NVIC_PriorityGroupConfig) for NVIC_PriorityGroupConfig
    main.o(i.main) refers to delay.o(i.delay_init) for delay_init
    main.o(i.main) refers to led.o(i.LED_Init) for LED_Init
    main.o(i.main) refers to usart.o(i.uart_init) for uart_init
    main.o(i.main) refers to os_core.o(i.OSInit) for OSInit
    main.o(i.main) refers to os_task.o(i.OSTaskCreate) for OSTaskCreate
    main.o(i.main) refers to os_core.o(i.OSStart) for OSStart
    main.o(i.main) refers to main.o(.bss) for START_TASK_STK
    main.o(i.main) refers to main.o(i.start_task) for start_task
    main.o(i.queue_post_task) refers to delay.o(i.delay_ms) for delay_ms
    main.o(i.queue_request_task) refers to os_q.o(i.OSQPend) for OSQPend
    main.o(i.queue_request_task) refers to printf3.o(i.__0printf$3) for __2printf
    main.o(i.queue_request_task) refers to main.o(.data) for queue_msg
    main.o(i.sem_handler_task1) refers to os_sem.o(i.OSSemPend) for OSSemPend
    main.o(i.sem_handler_task1) refers to main.o(.data) for sem_event
    main.o(i.sem_handler_task2) refers to os_sem.o(i.OSSemPend) for OSSemPend
    main.o(i.sem_handler_task2) refers to printf3.o(i.__0printf$3) for __2printf
    main.o(i.sem_handler_task2) refers to main.o(.data) for sem_event
    main.o(i.sem_handler_task3) refers to os_sem.o(i.OSSemPend) for OSSemPend
    main.o(i.sem_handler_task3) refers to printf3.o(i.__0printf$3) for __2printf
    main.o(i.sem_handler_task3) refers to main.o(.data) for sem_event
    main.o(i.start_task) refers to os_mbox.o(i.OSMboxCreate) for OSMboxCreate
    main.o(i.start_task) refers to os_sem.o(i.OSSemCreate) for OSSemCreate
    main.o(i.start_task) refers to os_q.o(i.OSQCreate) for OSQCreate
    main.o(i.start_task) refers to os_cpu_a.o(.text) for OS_CPU_SR_Save
    main.o(i.start_task) refers to os_task.o(i.OSTaskCreate) for OSTaskCreate
    main.o(i.start_task) refers to os_task.o(i.OSTaskSuspend) for OSTaskSuspend
    main.o(i.start_task) refers to os_tmr.o(i.OSTmrCreate) for OSTmrCreate
    main.o(i.start_task) refers to os_tmr.o(i.OSTmrStart) for OSTmrStart
    main.o(i.start_task) refers to main.o(.data) for key_msg_event
    main.o(i.start_task) refers to main.o(.bss) for msg_array
    main.o(i.start_task) refers to main.o(i.led0_task) for led0_task
    main.o(i.start_task) refers to main.o(i.led1_task) for led1_task
    main.o(i.start_task) refers to main.o(i.key_scan_task) for key_scan_task
    main.o(i.start_task) refers to main.o(i.key_handler_task) for key_handler_task
    main.o(i.start_task) refers to main.o(i.sem_handler_task1) for sem_handler_task1
    main.o(i.start_task) refers to main.o(i.queue_request_task) for queue_request_task
    main.o(i.start_task) refers to main.o(i.queue_post_task) for queue_post_task
    main.o(i.start_task) refers to main.o(i.key1_check_task) for key1_check_task
    main.o(i.start_task) refers to main.o(i.tmr1_callback) for tmr1_callback
    main.o(i.tmr1_callback) refers to main.o(.data) for timeCount
    system_stm32f10x.o(i.SetSysClock) refers to system_stm32f10x.o(i.SetSysClockTo72) for SetSysClockTo72
    system_stm32f10x.o(i.SystemCoreClockUpdate) refers to system_stm32f10x.o(.data) for SystemCoreClock
    system_stm32f10x.o(i.SystemInit) refers to system_stm32f10x.o(i.SetSysClock) for SetSysClock
    led.o(i.KEY_Init) refers to stm32f10x_rcc.o(i.RCC_APB2PeriphClockCmd) for RCC_APB2PeriphClockCmd
    led.o(i.KEY_Init) refers to stm32f10x_gpio.o(i.GPIO_Init) for GPIO_Init
    led.o(i.LED_Init) refers to stm32f10x_rcc.o(i.RCC_APB2PeriphClockCmd) for RCC_APB2PeriphClockCmd
    led.o(i.LED_Init) refers to stm32f10x_gpio.o(i.GPIO_Init) for GPIO_Init
    led.o(i.LED_Init) refers to led.o(i.KEY_Init) for KEY_Init
[...]
    printf8.o(i.__0sprintf$8) refers to printf8.o(i._printf_core) for _printf_core
    printf8.o(i.__0sprintf$8) refers to printf8.o(i._sputc) for _sputc
    printf8.o(i.__0vfprintf$8) refers to printf8.o(i._printf_core) for _printf_core
    printf8.o(i.__0vfprintf$8) refers to usart.o(i.fputc) for fputc
    printf8.o(i.__0vprintf$8) refers to printf8.o(i._printf_core) for _printf_core
    printf8.o(i.__0vprintf$8) refers to usart.o(i.fputc) for fputc
    printf8.o(i.__0vprintf$8) refers to usart.o(.data) for __stdout
    printf8.o(i.__0vsnprintf$8) refers to printf8.o(i._printf_core) for _printf_core
    printf8.o(i.__0vsnprintf$8) refers to printf8.o(i._snputc) for _snputc
    printf8.o(i.__0vsprintf$8) refers to printf8.o(i._printf_core) for _printf_core
    printf8.o(i.__0vsprintf$8) refers to printf8.o(i._sputc) for _sputc
    printf8.o(i._printf_core) refers to printf8.o(i._printf_pre_padding) for _printf_pre_padding
    printf8.o(i._printf_core) refers to uldiv.o(.text) for __aeabi_uldivmod
    printf8.o(i._printf_core) refers to printf8.o(i._printf_post_padding) for _printf_post_padding
    printfa.o(i.__0fprintf) refers (Special) to iusefp.o(.text) for __I$use$fp
    printfa.o(i.__0fprintf) refers to printfa.o(i._printf_core) for _printf_core
    printfa.o(i.__0fprintf) refers to usart.o(i.fputc) for fputc
    printfa.o(i.__0printf) refers (Special) to iusefp.o(.text) for __I$use$fp
    printfa.o(i.__0printf) refers to printfa.o(i._printf_core) for _printf_core
    printfa.o(i.__0printf) refers to usart.o(i.fputc) for fputc
    printfa.o(i.__0printf) refers to usart.o(.data) for __stdout
    printfa.o(i.__0snprintf) refers (Special) to iusefp.o(.text) for __I$use$fp
    printfa.o(i.__0snprintf) refers to printfa.o(i._printf_core) for _printf_core
    printfa.o(i.__0snprintf) refers to printfa.o(i._snputc) for _snputc
    printfa.o(i.__0sprintf) refers (Special) to iusefp.o(.text) for __I$use$fp
    printfa.o(i.__0sprintf) refers to printfa.o(i._printf_core) for _printf_core
    printfa.o(i.__0sprintf) refers to printfa.o(i._sputc) for _sputc
    printfa.o(i.__0vfprintf) refers (Special) to iusefp.o(.text) for __I$use$fp
    printfa.o(i.__0vfprintf) refers to printfa.o(i._printf_core) for _printf_core
    printfa.o(i.__0vfprintf) refers to usart.o(i.fputc) for fputc
    printfa.o(i.__0vprintf) refers (Special) to iusefp.o(.text) for __I$use$fp
    printfa.o(i.__0vprintf) refers to printfa.o(i._printf_core) for _printf_core
    printfa.o(i.__0vprintf) refers to usart.o(i.fputc) for fputc
    printfa.o(i.__0vprintf) refers to usart.o(.data) for __stdout
    printfa.o(i.__0vsnprintf) refers (Special) to iusefp.o(.text) for __I$use$fp
    printfa.o(i.__0vsnprintf) refers to printfa.o(i._printf_core) for _printf_core
    printfa.o(i.__0vsnprintf) refers to printfa.o(i._snputc) for _snputc
    printfa.o(i.__0vsprintf) refers (Special) to iusefp.o(.text) for __I$use$fp
    printfa.o(i.__0vsprintf) refers to printfa.o(i._printf_core) for _printf_core
    printfa.o(i.__0vsprintf) refers to printfa.o(i._sputc) for _sputc
    printfa.o(i._fp_digits) refers (Special) to iusefp.o(.text) for __I$use$fp
    printfa.o(i._fp_digits) refers to dmul.o(.text) for __aeabi_dmul
    printfa.o(i._fp_digits) refers to ddiv.o(.text) for __aeabi_ddiv
    printfa.o(i._fp_digits) refers to cdrcmple.o(.text) for __aeabi_cdrcmple
    printfa.o(i._fp_digits) refers to dadd.o(.text) for __aeabi_dadd
    printfa.o(i._fp_digits) refers to dfixul.o(.text) for __aeabi_d2ulz
    printfa.o(i._fp_digits) refers to uldiv.o(.text) for __aeabi_uldivmod
    printfa.o(i._printf_core) refers (Special) to iusefp.o(.text) for __I$use$fp
    printfa.o(i._printf_core) refers to printfa.o(i._printf_pre_padding) for _printf_pre_padding
    printfa.o(i._printf_core) refers to uldiv.o(.text) for __aeabi_uldivmod
    printfa.o(i._printf_core) refers to printfa.o(i._printf_post_padding) for _printf_post_padding
    printfa.o(i._printf_core) refers to printfa.o(i._fp_digits) for _fp_digits
    printfa.o(i._printf_core) refers to uidiv.o(.text) for __aeabi_uidivmod
    printfa.o(i._printf_post_padding) refers (Special) to iusefp.o(.text) for __I$use$fp
    printfa.o(i._printf_pre_padding) refers (Special) to iusefp.o(.text) for __I$use$fp
    printfa.o(i._snputc) refers (Special) to iusefp.o(.text) for __I$use$fp
    printfa.o(i._sputc) refers (Special) to iusefp.o(.text) for __I$use$fp
    fmul.o(.text) refers (Special) to iusefp.o(.text) for __I$use$fp
    ddiv.o(.text) refers (Special) to iusefp.o(.text) for __I$use$fp
    ddiv.o(.text) refers to depilogue.o(.text) for _double_round
    dflti.o(.text) refers (Special) to iusefp.o(.text) for __I$use$fp
    dflti.o(.text) refers to depilogue.o(.text) for _double_epilogue
    f2d.o(.text) refers (Special) to iusefp.o(.text) for __I$use$fp
    d2f.o(.text) refers (Special) to iusefp.o(.text) for __I$use$fp
    d2f.o(.text) refers to fepilogue.o(.text) for _float_round
    dunder.o(i.__mathlib_dbl_divzero) refers to ddiv.o(.text) for __aeabi_ddiv
    dunder.o(i.__mathlib_dbl_infnan) refers to dscalb.o(.text) for __ARM_scalbn
    dunder.o(i.__mathlib_dbl_infnan2) refers to dadd.o(.text) for __aeabi_dadd
    dunder.o(i.__mathlib_dbl_invalid) refers to ddiv.o(.text) for __aeabi_ddiv
    dunder.o(i.__mathlib_dbl_overflow) refers to dscalb.o(.text) for __ARM_scalbn
    dunder.o(i.__mathlib_dbl_posinfnan) refers to dmul.o(.text) for __aeabi_dmul
    dunder.o(i.__mathlib_dbl_underflow) refers to dscalb.o(.text) for __ARM_scalbn
    fpclassify.o(i.__ARM_fpclassify) refers (Special) to iusefp.o(.text) for __I$use$fp
    poly.o(i.__kernel_poly) refers (Special) to iusefp.o(.text) for __I$use$fp
    poly.o(i.__kernel_poly) refers to dmul.o(.text) for __aeabi_dmul
    poly.o(i.__kernel_poly) refers to dadd.o(.text) for __aeabi_dadd
    entry2.o(.ARM.Collect$$$$00000001) refers to entry2.o(.ARM.Collect$$$$00002712) for __lit__00000000
    entry2.o(.ARM.Collect$$$$00002712) refers to startup_stm32f10x_hd.o(STACK) for __initial_sp
    entry2.o(__vectab_stack_and_reset_area) refers to startup_stm32f10x_hd.o(STACK) for __initial_sp
    entry2.o(__vectab_stack_and_reset_area) refers to entry.o(.ARM.Collect$$$$00000000) for __main
    entry5.o(.ARM.Collect$$$$00000004) refers to init.o(.text) for __scatterload
    entry9a.o(.ARM.Collect$$$$0000000B) refers to main.o(i.main) for main
    entry9b.o(.ARM.Collect$$$$0000000C) refers to main.o(i.main) for main
    uldiv.o(.text) refers to llushr.o(.text) for __aeabi_llsr
    uldiv.o(.text) refers to llshl.o(.text) for __aeabi_llsl
    errno.o(i.__aeabi_errno_addr) refers to errno.o(.data) for .data
    errno.o(i.__read_errno) refers to errno.o(.data) for .data
    errno.o(i.__set_errno) refers to errno.o(.data) for .data
    depilogue.o(.text) refers to llshl.o(.text) for __aeabi_llsl
    depilogue.o(.text) refers to llushr.o(.text) for __aeabi_llsr
    dadd.o(.text) refers to llshl.o(.text) for __aeabi_llsl
    dadd.o(.text) refers to llsshr.o(.text) for __aeabi_lasr
    dadd.o(.text) refers to depilogue.o(.text) for _double_epilogue
    dmul.o(.text) refers to depilogue.o(.text) for _double_epilogue
    dsqrt.o(.text) refers to llushr.o(.text) for __aeabi_llsr
    dsqrt.o(.text) refers to depilogue.o(.text) for _double_round
    dfixul.o(.text) refers to llushr.o(.text) for __aeabi_llsr
    dfixul.o(.text) refers to llshl.o(.text) for __aeabi_llsl
    init.o(.text) refers to entry5.o(.ARM.Collect$$$$00000004) for __main_after_scatterload


==============================================================================

Removing Unused input sections from the image.

    Removing main.o(i.sem_handler_task2), (72 bytes).
    Removing main.o(i.sem_handler_task3), (72 bytes).
    Removing system_stm32f10x.o(i.SystemCoreClockUpdate), (164 bytes).
    Removing lcd.o(i.LCD_GPIO_Init), (108 bytes).
    Removing i2c.o(i.IIC_GPIO_Configuration), (108 bytes).
    Removing i2c.o(i.IIC_RecvByte), (92 bytes).
    Removing i2c.o(i.IIC_SendACK), (52 bytes).
    Removing i2c.o(i.IIC_SendByte), (156 bytes).
    Removing i2c.o(i.IIC_SendNACK), (52 bytes).
    Removing i2c.o(i.IIC_Start), (100 bytes).
    Removing i2c.o(i.IIC_Stop), (52 bytes).
    Removing i2c.o(i.Single_Read_IIC), (52 bytes).
    Removing i2c.o(i.Single_Write_IIC), (36 bytes).
    Removing mpu6050.o(i.ADX_GetAngle), (288 bytes).
    Removing mpu6050.o(i.Get_rol_MPU6050), (12 bytes).
    Removing mpu6050.o(i.MPU6050_Inital), (82 bytes).
    Removing mpu6050.o(i.getAccX), (38 bytes).
    Removing mpu6050.o(i.getAccY), (38 bytes).
    Removing mpu6050.o(i.getAccZ), (38 bytes).
    Removing mpu6050.o(i.getGyroX), (38 bytes).
    Removing mpu6050.o(i.getGyroY), (38 bytes).
    Removing mpu6050.o(i.getGyroZ), (38 bytes).
    Removing mpu6050.o(i.getTemperature), (38 bytes).
    Removing mpu6050.o(.data), (8 bytes).
    Removing sys.o(.emb_text), (6 bytes).
    Removing sys.o(i.INTX_DISABLE), (4 bytes).
    Removing sys.o(i.INTX_ENABLE), (4 bytes).
    Removing sys.o(i.WFI_SET), (4 bytes).
    Removing usart.o(i._sys_exit), (6 bytes).
    Removing core_cm3.o(.emb_text), (32 bytes).
    Removing startup_stm32f10x_hd.o(HEAP), (512 bytes).
    Removing misc.o(i.NVIC_SetVectorTable), (20 bytes).
    Removing misc.o(i.NVIC_SystemLPConfig), (32 bytes).
    Removing stm32f10x_gpio.o(i.GPIO_AFIODeInit), (20 bytes).
    Removing stm32f10x_gpio.o(i.GPIO_DeInit), (200 bytes).
    Removing stm32f10x_gpio.o(i.GPIO_ETH_MediaInterfaceConfig), (12 bytes).
    Removing stm32f10x_gpio.o(i.GPIO_EXTILineConfig), (64 bytes).
    Removing stm32f10x_gpio.o(i.GPIO_EventOutputCmd), (12 bytes).
    Removing stm32f10x_gpio.o(i.GPIO_EventOutputConfig), (32 bytes).
    Removing stm32f10x_gpio.o(i.GPIO_PinLockConfig), (18 bytes).
    Removing stm32f10x_gpio.o(i.GPIO_PinRemapConfig), (144 bytes).
    Removing stm32f10x_gpio.o(i.GPIO_ReadInputData), (8 bytes).
    Removing stm32f10x_gpio.o(i.GPIO_ReadInputDataBit), (18 bytes).
    Removing stm32f10x_gpio.o(i.GPIO_ReadOutputData), (8 bytes).
    Removing stm32f10x_gpio.o(i.GPIO_ReadOutputDataBit), (18 bytes).
    Removing stm32f10x_gpio.o(i.GPIO_ResetBits), (4 bytes).
    Removing stm32f10x_gpio.o(i.GPIO_SetBits), (4 bytes).
    Removing stm32f10x_gpio.o(i.GPIO_StructInit), (16 bytes).
    Removing stm32f10x_gpio.o(i.GPIO_Write), (4 bytes).
    Removing stm32f10x_gpio.o(i.GPIO_WriteBit), (10 bytes).
    Removing stm32f10x_dbgmcu.o(i.DBGMCU_Config), (32 bytes).
    Removing stm32f10x_dbgmcu.o(i.DBGMCU_GetDEVID), (16 bytes).
    Removing stm32f10x_dbgmcu.o(i.DBGMCU_GetREVID), (12 bytes).
    Removing stm32f10x_rcc.o(i.RCC_ADCCLKConfig), (24 bytes).
    Removing stm32f10x_rcc.o(i.RCC_AHBPeriphClockCmd), (32 bytes).
    Removing stm32f10x_rcc.o(i.RCC_APB1PeriphResetCmd), (32 bytes).
    Removing stm32f10x_rcc.o(i.RCC_APB2PeriphResetCmd), (32 bytes).
    Removing stm32f10x_rcc.o(i.RCC_AdjustHSICalibrationValue), (24 bytes).
    Removing stm32f10x_rcc.o(i.RCC_BackupResetCmd), (12 bytes).
    Removing stm32f10x_rcc.o(i.RCC_ClearFlag), (20 bytes).
    Removing stm32f10x_rcc.o(i.RCC_ClearITPendingBit), (12 bytes).
    Removing stm32f10x_rcc.o(i.RCC_ClockSecuritySystemCmd), (12 bytes).
    Removing stm32f10x_rcc.o(i.RCC_DeInit), (76 bytes).
    Removing stm32f10x_rcc.o(i.RCC_GetFlagStatus), (60 bytes).
    Removing stm32f10x_rcc.o(i.RCC_GetITStatus), (24 bytes).
    Removing stm32f10x_rcc.o(i.RCC_GetSYSCLKSource), (16 bytes).
    Removing stm32f10x_rcc.o(i.RCC_HCLKConfig), (24 bytes).
    Removing stm32f10x_rcc.o(i.RCC_HSEConfig), (76 bytes).
    Removing stm32f10x_rcc.o(i.RCC_HSICmd), (12 bytes).
    Removing stm32f10x_rcc.o(i.RCC_ITConfig), (32 bytes).
    Removing stm32f10x_rcc.o(i.RCC_LSEConfig), (52 bytes).
    Removing stm32f10x_rcc.o(i.RCC_LSICmd), (12 bytes).
    Removing stm32f10x_rcc.o(i.RCC_MCOConfig), (12 bytes).
    Removing stm32f10x_rcc.o(i.RCC_PCLK1Config), (24 bytes).
    Removing stm32f10x_rcc.o(i.RCC_PCLK2Config), (24 bytes).
    Removing stm32f10x_rcc.o(i.RCC_PLLCmd), (12 bytes).
    Removing stm32f10x_rcc.o(i.RCC_PLLConfig), (28 bytes).
    Removing stm32f10x_rcc.o(i.RCC_RTCCLKCmd), (12 bytes).
    Removing stm32f10x_rcc.o(i.RCC_RTCCLKConfig), (16 bytes).
    Removing stm32f10x_rcc.o(i.RCC_SYSCLKConfig), (24 bytes).
    Removing stm32f10x_rcc.o(i.RCC_USBCLKConfig), (12 bytes).
    Removing stm32f10x_rcc.o(i.RCC_WaitForHSEStartUp), (56 bytes).
    Removing stm32f10x_usart.o(i.USART_ClearFlag), (18 bytes).
    Removing stm32f10x_usart.o(i.USART_ClearITPendingBit), (30 bytes).
    Removing stm32f10x_usart.o(i.USART_ClockInit), (34 bytes).
    Removing stm32f10x_usart.o(i.USART_ClockStructInit), (12 bytes).
    Removing stm32f10x_usart.o(i.USART_DMACmd), (18 bytes).
    Removing stm32f10x_usart.o(i.USART_DeInit), (156 bytes).
    Removing stm32f10x_usart.o(i.USART_HalfDuplexCmd), (24 bytes).
    Removing stm32f10x_usart.o(i.USART_IrDACmd), (24 bytes).
    Removing stm32f10x_usart.o(i.USART_IrDAConfig), (18 bytes).
    Removing stm32f10x_usart.o(i.USART_LINBreakDetectLengthConfig), (18 bytes).
    Removing stm32f10x_usart.o(i.USART_LINCmd), (24 bytes).
    Removing stm32f10x_usart.o(i.USART_OneBitMethodCmd), (24 bytes).
    Removing stm32f10x_usart.o(i.USART_OverSampling8Cmd), (22 bytes).
    Removing stm32f10x_usart.o(i.USART_ReceiverWakeUpCmd), (24 bytes).
    Removing stm32f10x_usart.o(i.USART_SendBreak), (10 bytes).
    Removing stm32f10x_usart.o(i.USART_SetAddress), (18 bytes).
    Removing stm32f10x_usart.o(i.USART_SetGuardTime), (16 bytes).
    Removing stm32f10x_usart.o(i.USART_SetPrescaler), (16 bytes).
    Removing stm32f10x_usart.o(i.USART_SmartCardCmd), (24 bytes).
    Removing stm32f10x_usart.o(i.USART_SmartCardNACKCmd), (24 bytes).
    Removing stm32f10x_usart.o(i.USART_StructInit), (24 bytes).
    Removing stm32f10x_usart.o(i.USART_WakeUpConfig), (18 bytes).
    Removing os_core.o(i.OSStatInit), (76 bytes).
    Removing os_core.o(i.OSVersion), (6 bytes).
    Removing os_core.o(i.OS_Dummy), (2 bytes).
    Removing os_core.o(i.OS_MemCopy), (20 bytes).
    Removing os_core.o(i.OS_StrLen), (20 bytes).
    Removing os_flag.o(i.OSFlagAccept), (252 bytes).
    Removing os_flag.o(i.OSFlagCreate), (100 bytes).
    Removing os_flag.o(i.OSFlagDel), (228 bytes).
    Removing os_flag.o(i.OSFlagNameGet), (84 bytes).
    Removing os_flag.o(i.OSFlagNameSet), (72 bytes).
    Removing os_flag.o(i.OSFlagPend), (596 bytes).
    Removing os_flag.o(i.OSFlagPendGetFlagsRdy), (32 bytes).
    Removing os_flag.o(i.OSFlagPost), (312 bytes).
    Removing os_flag.o(i.OSFlagQuery), (48 bytes).
    Removing os_flag.o(i.OS_FlagBlock), (164 bytes).
    Removing os_flag.o(i.OS_FlagTaskRdy), (92 bytes).
    Removing os_flag.o(i.OS_FlagUnlink), (36 bytes).
    Removing os_mbox.o(i.OSMboxAccept), (38 bytes).
    Removing os_mbox.o(i.OSMboxDel), (208 bytes).
    Removing os_mbox.o(i.OSMboxPendAbort), (128 bytes).
    Removing os_mbox.o(i.OSMboxPostOpt), (120 bytes).
    Removing os_mbox.o(i.OSMboxQuery), (76 bytes).
    Removing os_mutex.o(i.OSMutexAccept), (144 bytes).
    Removing os_mutex.o(i.OSMutexCreate), (148 bytes).
    Removing os_mutex.o(i.OSMutexDel), (280 bytes).
    Removing os_mutex.o(i.OSMutexPend), (568 bytes).
    Removing os_mutex.o(i.OSMutexPost), (200 bytes).
    Removing os_mutex.o(i.OSMutexQuery), (112 bytes).
    Removing os_mutex.o(i.OSMutex_RdyAtPrio), (132 bytes).
    Removing os_q.o(i.OSQAccept), (88 bytes).
    Removing os_q.o(i.OSQDel), (248 bytes).
    Removing os_q.o(i.OSQFlush), (36 bytes).
    Removing os_q.o(i.OSQPendAbort), (128 bytes).
    Removing os_q.o(i.OSQPost), (114 bytes).
    Removing os_q.o(i.OSQPostFront), (116 bytes).
    Removing os_q.o(i.OSQPostOpt), (182 bytes).
    Removing os_q.o(i.OSQQuery), (98 bytes).
    Removing os_sem.o(i.OSSemAccept), (42 bytes).
    Removing os_sem.o(i.OSSemDel), (208 bytes).
    Removing os_sem.o(i.OSSemPendAbort), (128 bytes).
    Removing os_sem.o(i.OSSemQuery), (76 bytes).
    Removing os_sem.o(i.OSSemSet), (66 bytes).
    Removing os_task.o(i.OSTaskChangePrio), (328 bytes).
    Removing os_task.o(i.OSTaskDel), (340 bytes).
    Removing os_task.o(i.OSTaskDelReq), (108 bytes).
    Removing os_task.o(i.OSTaskNameGet), (128 bytes).
    Removing os_task.o(i.OSTaskQuery), (92 bytes).
    Removing os_task.o(i.OSTaskRegGet), (68 bytes).
    Removing os_task.o(i.OSTaskRegSet), (72 bytes).
    Removing os_task.o(i.OS_TaskReturn), (24 bytes).
    Removing os_time.o(i.OSTimeDlyHMSM), (96 bytes).
    Removing os_time.o(i.OSTimeDlyResume), (180 bytes).
    Removing os_time.o(i.OSTimeGet), (28 bytes).
    Removing os_time.o(i.OSTimeSet), (28 bytes).
    Removing os_tmr.o(i.OSTmrDel), (128 bytes).
    Removing os_tmr.o(i.OSTmrNameGet), (120 bytes).
    Removing os_tmr.o(i.OSTmrRemainGet), (172 bytes).
    Removing os_tmr.o(i.OSTmrStateGet), (92 bytes).
    Removing os_tmr.o(i.OSTmrStop), (184 bytes).
    Removing os_tmr.o(i.OSTmr_Free), (76 bytes).
    Removing os_cpu_c.o(i.OSTaskDelHook), (2 bytes).
    Removing os_cpu_c.o(i.OSTaskReturnHook), (2 bytes).
    Removing fmul.o(.text), (100 bytes).
    Removing ddiv.o(.text), (222 bytes).
    Removing dflti.o(.text), (34 bytes).
    Removing f2d.o(.text), (38 bytes).
    Removing d2f.o(.text), (56 bytes).
    Removing fepilogue.o(.text), (110 bytes).
    Removing depilogue.o(.text), (186 bytes).
    Removing dadd.o(.text), (334 bytes).
    Removing dmul.o(.text), (228 bytes).
    Removing dscalb.o(.text), (46 bytes).
    Removing dsqrt.o(.text), (162 bytes).
    Removing dfixul.o(.text), (48 bytes).
    Removing cdcmple.o(.text), (48 bytes).
    Removing cdrcmple.o(.text), (48 bytes).

180 unused section(s) (total 14196 bytes) removed from the image.

==============================================================================

Image Symbol Table

    Local Symbols

    Symbol Name                              Value     Ov Type        Size  Object(Section)

    ../clib/microlib/division.c              0x00000000   Number         0  uldiv.o ABSOLUTE
    ../clib/microlib/division.c              0x00000000   Number         0  uidiv.o ABSOLUTE
    ../clib/microlib/errno.c                 0x00000000   Number         0  errno.o ABSOLUTE
    ../clib/microlib/init/entry.s            0x00000000   Number         0  entry5.o ABSOLUTE
    ../clib/microlib/init/entry.s            0x00000000   Number         0  entry9b.o ABSOLUTE
    ../clib/microlib/init/entry.s            0x00000000   Number         0  entry.o ABSOLUTE
    ../clib/microlib/init/entry.s            0x00000000   Number         0  entry9a.o ABSOLUTE
    ../clib/microlib/init/entry.s            0x00000000   Number         0  entry8b.o ABSOLUTE
    ../clib/microlib/init/entry.s            0x00000000   Number         0  entry8a.o ABSOLUTE
    ../clib/microlib/init/entry.s            0x00000000   Number         0  entry7b.o ABSOLUTE
    ../clib/microlib/init/entry.s            0x00000000   Number         0  entry7a.o ABSOLUTE
    ../clib/microlib/init/entry.s            0x00000000   Number         0  entry2.o ABSOLUTE
    ../clib/microlib/init/entry.s            0x00000000   Number         0  entry11b.o ABSOLUTE
    ../clib/microlib/init/entry.s            0x00000000   Number         0  entry11a.o ABSOLUTE
    ../clib/microlib/init/entry.s            0x00000000   Number         0  entry10b.o ABSOLUTE
    ../clib/microlib/init/entry.s            0x00000000   Number         0  entry10a.o ABSOLUTE
    ../clib/microlib/longlong.c              0x00000000   Number         0  llushr.o ABSOLUTE
    ../clib/microlib/longlong.c              0x00000000   Number         0  llshl.o ABSOLUTE
    ../clib/microlib/longlong.c              0x00000000   Number         0  llsshr.o ABSOLUTE
    ../clib/microlib/printf/printf.c         0x00000000   Number         0  printf7.o ABSOLUTE
    ../clib/microlib/printf/printf.c         0x00000000   Number         0  printf0.o ABSOLUTE
    ../clib/microlib/printf/printf.c         0x00000000   Number         0  printf5.o ABSOLUTE
    ../clib/microlib/printf/printf.c         0x00000000   Number         0  printf4.o ABSOLUTE
    ../clib/microlib/printf/printf.c         0x00000000   Number         0  printf3.o ABSOLUTE
    ../clib/microlib/printf/printf.c         0x00000000   Number         0  printf2.o ABSOLUTE
    ../clib/microlib/printf/printf.c         0x00000000   Number         0  printf1.o ABSOLUTE
    ../clib/microlib/printf/printf.c         0x00000000   Number         0  printfb.o ABSOLUTE
    ../clib/microlib/printf/printf.c         0x00000000   Number         0  printf6.o ABSOLUTE
    ../clib/microlib/printf/printf.c         0x00000000   Number         0  printfa.o ABSOLUTE
    ../clib/microlib/printf/printf.c         0x00000000   Number         0  printf8.o ABSOLUTE
    ../clib/microlib/printf/stubs.s          0x00000000   Number         0  stubs.o ABSOLUTE
    ../clib/microlib/stubs.s                 0x00000000   Number         0  iusefp.o ABSOLUTE
    ../clib/microlib/stubs.s                 0x00000000   Number         0  useno.o ABSOLUTE
    ../fplib/microlib/d2f.c                  0x00000000   Number         0  d2f.o ABSOLUTE
    ../fplib/microlib/f2d.c                  0x00000000   Number         0  f2d.o ABSOLUTE
    ../fplib/microlib/fpadd.c                0x00000000   Number         0  dadd.o ABSOLUTE
    ../fplib/microlib/fpdiv.c                0x00000000   Number         0  ddiv.o ABSOLUTE
    ../fplib/microlib/fpepilogue.c           0x00000000   Number         0  depilogue.o ABSOLUTE
    ../fplib/microlib/fpepilogue.c           0x00000000   Number         0  fepilogue.o ABSOLUTE
    ../fplib/microlib/fpfix.c                0x00000000   Number         0  dfixul.o ABSOLUTE
    ../fplib/microlib/fpflt.c                0x00000000   Number         0  dflti.o ABSOLUTE
    ../fplib/microlib/fpmul.c                0x00000000   Number         0  dmul.o ABSOLUTE
    ../fplib/microlib/fpmul.c                0x00000000   Number         0  fmul.o ABSOLUTE
    ../fplib/microlib/fpscalb.c              0x00000000   Number         0  dscalb.o ABSOLUTE
    ../fplib/microlib/fpsqrt.c               0x00000000   Number         0  dsqrt.o ABSOLUTE
    ../mathlib/atan.c                        0x00000000   Number         0  atan.o ABSOLUTE
    ../mathlib/atan.c                        0x00000000   Number         0  atan_x.o ABSOLUTE
    ../mathlib/dunder.c                      0x00000000   Number         0  dunder.o ABSOLUTE
    ../mathlib/fpclassify.c                  0x00000000   Number         0  fpclassify.o ABSOLUTE
    ../mathlib/poly.c                        0x00000000   Number         0  poly.o ABSOLUTE
    ../mathlib/sqrt.c                        0x00000000   Number         0  sqrt.o ABSOLUTE
    ../mathlib/sqrt.c                        0x00000000   Number         0  sqrt_x.o ABSOLUTE
    ..\CORE\core_cm3.c                       0x00000000   Number         0  core_cm3.o ABSOLUTE
    ..\CORE\startup_stm32f10x_hd.s           0x00000000   Number         0  startup_stm32f10x_hd.o ABSOLUTE
    ..\HARDWARE\I2C\I2C.c                    0x00000000   Number         0  i2c.o ABSOLUTE
    ..\HARDWARE\LCD\lcd.c                    0x00000000   Number         0  lcd.o ABSOLUTE
    ..\HARDWARE\LED\led.c                    0x00000000   Number         0  led.o ABSOLUTE
    ..\HARDWARE\MPU6050\MPU6050.c            0x00000000   Number         0  mpu6050.o ABSOLUTE
    ..\STM32F10x_FWLib\src\misc.c            0x00000000   Number         0  misc.o ABSOLUTE
    ..\STM32F10x_FWLib\src\stm32f10x_dbgmcu.c 0x00000000   Number         0  stm32f10x_dbgmcu.o ABSOLUTE
    ..\STM32F10x_FWLib\src\stm32f10x_gpio.c  0x00000000   Number         0  stm32f10x_gpio.o ABSOLUTE
    ..\STM32F10x_FWLib\src\stm32f10x_rcc.c   0x00000000   Number         0  stm32f10x_rcc.o ABSOLUTE
    ..\STM32F10x_FWLib\src\stm32f10x_usart.c 0x00000000   Number         0  stm32f10x_usart.o ABSOLUTE
    ..\SYSTEM\delay\delay.c                  0x00000000   Number         0  delay.o ABSOLUTE
    ..\SYSTEM\sys\sys.c                      0x00000000   Number         0  sys.o ABSOLUTE
    ..\SYSTEM\usart\usart.c                  0x00000000   Number         0  usart.o ABSOLUTE
    ..\UCOSII\CORE\os_core.c                 0x00000000   Number         0  os_core.o ABSOLUTE
    ..\UCOSII\CORE\os_flag.c                 0x00000000   Number         0  os_flag.o ABSOLUTE
    ..\UCOSII\CORE\os_mbox.c                 0x00000000   Number         0  os_mbox.o ABSOLUTE
    ..\UCOSII\CORE\os_mem.c                  0x00000000   Number         0  os_mem.o ABSOLUTE
    ..\UCOSII\CORE\os_mutex.c                0x00000000   Number         0  os_mutex.o ABSOLUTE
    ..\UCOSII\CORE\os_q.c                    0x00000000   Number         0  os_q.o ABSOLUTE
    ..\UCOSII\CORE\os_sem.c                  0x00000000   Number         0  os_sem.o ABSOLUTE
    ..\UCOSII\CORE\os_task.c                 0x00000000   Number         0  os_task.o ABSOLUTE
    ..\UCOSII\CORE\os_time.c                 0x00000000   Number         0  os_time.o ABSOLUTE
    ..\UCOSII\CORE\os_tmr.c                  0x00000000   Number         0  os_tmr.o ABSOLUTE
    ..\UCOSII\PORT\os_cpu_a.asm              0x00000000   Number         0  os_cpu_a.o ABSOLUTE
    ..\UCOSII\PORT\os_cpu_c.c                0x00000000   Number         0  os_cpu_c.o ABSOLUTE
    ..\\CORE\\core_cm3.c                     0x00000000   Number         0  core_cm3.o ABSOLUTE
    ..\\SYSTEM\\sys\\sys.c                   0x00000000   Number         0  sys.o ABSOLUTE
    cdcmple.s                                0x00000000   Number         0  cdcmple.o ABSOLUTE
    cdrcmple.s                               0x00000000   Number         0  cdrcmple.o ABSOLUTE
    dc.s                                     0x00000000   Number         0  dc.o ABSOLUTE
    handlers.s                               0x00000000   Number         0  handlers.o ABSOLUTE
    init.s                                   0x00000000   Number         0  init.o ABSOLUTE
    main.c                                   0x00000000   Number         0  main.o ABSOLUTE
    stm32f10x_it.c                           0x00000000   Number         0  stm32f10x_it.o ABSOLUTE
    system_stm32f10x.c                       0x00000000   Number         0  system_stm32f10x.o ABSOLUTE
    RESET                                    0x08000000   Section      304  startup_stm32f10x_hd.o(RESET)
    .ARM.Collect$$$$00000000                 0x08000130   Section        0  entry.o(.ARM.Collect$$$$00000000)
    .ARM.Collect$$$$00000001                 0x08000130   Section        4  entry2.o(.ARM.Collect$$$$00000001)
    .ARM.Collect$$$$00000004                 0x08000134   Section        4  entry5.o(.ARM.Collect$$$$00000004)
    .ARM.Collect$$$$00000008                 0x08000138   Section        0  entry7b.o(.ARM.Collect$$$$00000008)
    .ARM.Collect$$$$0000000A                 0x08000138   Section        0  entry8b.o(.ARM.Collect$$$$0000000A)
    .ARM.Collect$$$$0000000B                 0x08000138   Section        8  entry9a.o(.ARM.Collect$$$$0000000B)
    .ARM.Collect$$$$0000000D                 0x08000140   Section        0  entry10a.o(.ARM.Collect$$$$0000000D)
    .ARM.Collect$$$$0000000F                 0x08000140   Section        0  entry11a.o(.ARM.Collect$$$$0000000F)
    .ARM.Collect$$$$00002712                 0x08000140   Section        4  entry2.o(.ARM.Collect$$$$00002712)
    __lit__00000000                          0x08000140   Data           4  entry2.o(.ARM.Collect$$$$00002712)
    .text                                    0x08000144   Section       36  startup_stm32f10x_hd.o(.text)
    .text                                    0x08000168   Section      180  os_cpu_a.o(.text)
    .text                                    0x0800021c   Section        0  uidiv.o(.text)
    .text                                    0x08000248   Section       36  init.o(.text)
    i.BusFault_Handler                       0x0800026c   Section        0  stm32f10x_it.o(i.BusFault_Handler)
    i.DebugMon_Handler                       0x08000270   Section        0  stm32f10x_it.o(i.DebugMon_Handler)
    i.GPIO_Init                              0x08000272   Section        0  stm32f10x_gpio.o(i.GPIO_Init)
    i.HardFault_Handler                      0x08000388   Section        0  stm32f10x_it.o(i.HardFault_Handler)
    i.KEY_Init                               0x0800038c   Section        0  led.o(i.KEY_Init)
    i.LED_Init                               0x080003cc   Section        0  led.o(i.LED_Init)
    i.MemManage_Handler                      0x080003fc   Section        0  stm32f10x_it.o(i.MemManage_Handler)
    i.NMI_Handler                            0x08000400   Section        0  stm32f10x_it.o(i.NMI_Handler)
    i.NVIC_Init                              0x08000404   Section        0  misc.o(i.NVIC_Init)
    i.NVIC_PriorityGroupConfig               0x08000474   Section        0  misc.o(i.NVIC_PriorityGroupConfig)
    i.OSInit                                 0x08000488   Section        0  os_core.o(i.OSInit)
    i.OSInitHookBegin                        0x080004b8   Section        0  os_cpu_c.o(i.OSInitHookBegin)
    i.OSInitHookEnd                          0x080004c4   Section        0  os_cpu_c.o(i.OSInitHookEnd)
    i.OSIntEnter                             0x080004c8   Section        0  os_core.o(i.OSIntEnter)
    i.OSIntExit                              0x080004ec   Section        0  os_core.o(i.OSIntExit)
    i.OSMboxCreate                           0x0800057c   Section        0  os_mbox.o(i.OSMboxCreate)
    i.OSMboxPend                             0x080005c8   Section        0  os_mbox.o(i.OSMboxPend)
    i.OSMboxPost                             0x080006cc   Section        0  os_mbox.o(i.OSMboxPost)
    i.OSQCreate                              0x0800071c   Section        0  os_q.o(i.OSQCreate)
    i.OSQPend                                0x080007b4   Section        0  os_q.o(i.OSQPend)
    i.OSSchedLock                            0x080008d0   Section        0  os_core.o(i.OSSchedLock)
    i.OSSchedUnlock                          0x08000910   Section        0  os_core.o(i.OSSchedUnlock)
    i.OSSemCreate                            0x08000970   Section        0  os_sem.o(i.OSSemCreate)
    i.OSSemPend                              0x080009bc   Section        0  os_sem.o(i.OSSemPend)
    i.OSSemPost                              0x08000aa8   Section        0  os_sem.o(i.OSSemPost)
    i.OSStart                                0x08000b00   Section        0  os_core.o(i.OSStart)
    i.OSTCBInitHook                          0x08000b48   Section        0  os_cpu_c.o(i.OSTCBInitHook)
    i.OSTaskCreate                           0x08000b4c   Section        0  os_task.o(i.OSTaskCreate)
    i.OSTaskCreateExt                        0x08000bec   Section        0  os_task.o(i.OSTaskCreateExt)
    i.OSTaskCreateHook                       0x08000ca4   Section        0  os_cpu_c.o(i.OSTaskCreateHook)
    i.OSTaskIdleHook                         0x08000ca6   Section        0  os_cpu_c.o(i.OSTaskIdleHook)
    i.OSTaskNameSet                          0x08000ca8   Section        0  os_task.o(i.OSTaskNameSet)
    i.OSTaskResume                           0x08000d18   Section        0  os_task.o(i.OSTaskResume)
    i.OSTaskStatHook                         0x08000dc4   Section        0  os_cpu_c.o(i.OSTaskStatHook)
    i.OSTaskStkChk                           0x08000dc8   Section        0  os_task.o(i.OSTaskStkChk)
    i.OSTaskStkInit                          0x08000e54   Section        0  os_cpu_c.o(i.OSTaskStkInit)
    i.OSTaskSuspend                          0x08000ef0   Section        0  os_task.o(i.OSTaskSuspend)
    i.OSTaskSwHook                           0x08000f98   Section        0  os_cpu_c.o(i.OSTaskSwHook)
    i.OSTimeDly                              0x08000f9c   Section        0  os_time.o(i.OSTimeDly)
    i.OSTimeTick                             0x08001014   Section        0  os_core.o(i.OSTimeTick)
    i.OSTimeTickHook                         0x08001100   Section        0  os_cpu_c.o(i.OSTimeTickHook)
    i.OSTmrCreate                            0x08001124   Section        0  os_tmr.o(i.OSTmrCreate)
    i.OSTmrSignal                            0x08001188   Section        0  os_tmr.o(i.OSTmrSignal)
    i.OSTmrStart                             0x0800119c   Section        0  os_tmr.o(i.OSTmrStart)
    i.OSTmr_Alloc                            0x08001220   Section        0  os_tmr.o(i.OSTmr_Alloc)
    OSTmr_Alloc                              0x08001221   Thumb Code    50  os_tmr.o(i.OSTmr_Alloc)
    i.OSTmr_Init                             0x08001260   Section        0  os_tmr.o(i.OSTmr_Init)
    i.OSTmr_InitTask                         0x08001318   Section        0  os_tmr.o(i.OSTmr_InitTask)
    OSTmr_InitTask                           0x08001319   Thumb Code    50  os_tmr.o(i.OSTmr_InitTask)
    i.OSTmr_Link                             0x08001368   Section        0  os_tmr.o(i.OSTmr_Link)
    OSTmr_Link                               0x08001369   Thumb Code   100  os_tmr.o(i.OSTmr_Link)
    i.OSTmr_Task                             0x080013d4   Section        0  os_tmr.o(i.OSTmr_Task)
    OSTmr_Task                               0x080013d5   Thumb Code   114  os_tmr.o(i.OSTmr_Task)
    i.OSTmr_Unlink                           0x08001454   Section        0  os_tmr.o(i.OSTmr_Unlink)
    OSTmr_Unlink                             0x08001455   Thumb Code    62  os_tmr.o(i.OSTmr_Unlink)
    i.OS_EventTaskRdy                        0x08001498   Section        0  os_core.o(i.OS_EventTaskRdy)
    i.OS_EventTaskRemove                     0x0800151c   Section        0  os_core.o(i.OS_EventTaskRemove)
    i.OS_EventTaskWait                       0x08001548   Section        0  os_core.o(i.OS_EventTaskWait)
    i.OS_EventWaitListInit                   0x080015c4   Section        0  os_core.o(i.OS_EventWaitListInit)
    i.OS_FlagInit                            0x080015e0   Section        0  os_flag.o(i.OS_FlagInit)
    i.OS_InitEventList                       0x08001638   Section        0  os_core.o(i.OS_InitEventList)
    OS_InitEventList                         0x08001639   Thumb Code    74  os_core.o(i.OS_InitEventList)
    i.OS_InitMisc                            0x0800168c   Section        0  os_core.o(i.OS_InitMisc)
    OS_InitMisc                              0x0800168d   Thumb Code    44  os_core.o(i.OS_InitMisc)
    i.OS_InitRdyList                         0x080016e0   Section        0  os_core.o(i.OS_InitRdyList)
    OS_InitRdyList                           0x080016e1   Thumb Code    44  os_core.o(i.OS_InitRdyList)
    i.OS_InitTCBList                         0x08001724   Section        0  os_core.o(i.OS_InitTCBList)
    OS_InitTCBList                           0x08001725   Thumb Code   106  os_core.o(i.OS_InitTCBList)
    i.OS_InitTaskIdle                        0x080017a4   Section        0  os_core.o(i.OS_InitTaskIdle)
    OS_InitTaskIdle                          0x080017a5   Thumb Code    50  os_core.o(i.OS_InitTaskIdle)
    i.OS_InitTaskStat                        0x080017f4   Section        0  os_core.o(i.OS_InitTaskStat)
    OS_InitTaskStat                          0x080017f5   Thumb Code    50  os_core.o(i.OS_InitTaskStat)
    i.OS_MemClr                              0x08001844   Section        0  os_core.o(i.OS_MemClr)
    i.OS_QInit                               0x08001858   Section        0  os_q.o(i.OS_QInit)
    i.OS_Sched                               0x080018a8   Section        0  os_core.o(i.OS_Sched)
    i.OS_SchedNew                            0x0800191c   Section        0  os_core.o(i.OS_SchedNew)
    OS_SchedNew                              0x0800191d   Thumb Code    26  os_core.o(i.OS_SchedNew)
    i.OS_TCBInit                             0x08001948   Section        0  os_core.o(i.OS_TCBInit)
    i.OS_TaskIdle                            0x08001a7c   Section        0  os_core.o(i.OS_TaskIdle)
    i.OS_TaskStat                            0x08001aa4   Section        0  os_core.o(i.OS_TaskStat)
    i.OS_TaskStatStkChk                      0x08001b2c   Section        0  os_core.o(i.OS_TaskStatStkChk)
    i.OS_TaskStkClr                          0x08001b68   Section        0  os_task.o(i.OS_TaskStkClr)
    i.RCC_APB1PeriphClockCmd                 0x08001b84   Section        0  stm32f10x_rcc.o(i.RCC_APB1PeriphClockCmd)
    i.RCC_APB2PeriphClockCmd                 0x08001ba4   Section        0  stm32f10x_rcc.o(i.RCC_APB2PeriphClockCmd)
    i.RCC_GetClocksFreq                      0x08001bc4   Section        0  stm32f10x_rcc.o(i.RCC_GetClocksFreq)
    i.SVC_Handler                            0x08001c98   Section        0  stm32f10x_it.o(i.SVC_Handler)
    i.SetSysClock                            0x08001c9a   Section        0  system_stm32f10x.o(i.SetSysClock)
    SetSysClock                              0x08001c9b   Thumb Code     8  system_stm32f10x.o(i.SetSysClock)
    i.SetSysClockTo72                        0x08001ca4   Section        0  system_stm32f10x.o(i.SetSysClockTo72)
    SetSysClockTo72                          0x08001ca5   Thumb Code   214  system_stm32f10x.o(i.SetSysClockTo72)
    i.SysTick_CLKSourceConfig                0x08001d84   Section        0  misc.o(i.SysTick_CLKSourceConfig)
    i.SysTick_Handler                        0x08001dac   Section        0  delay.o(i.SysTick_Handler)
    i.SystemInit                             0x08001dc8   Section        0  system_stm32f10x.o(i.SystemInit)
    i.UART4_IRQHandler                       0x08001e28   Section        0  usart.o(i.UART4_IRQHandler)
    i.USART1_IRQHandler                      0x08001e4c   Section        0  usart.o(i.USART1_IRQHandler)
    i.USART_Cmd                              0x08001edc   Section        0  stm32f10x_usart.o(i.USART_Cmd)
    i.USART_GetFlagStatus                    0x08001ef4   Section        0  stm32f10x_usart.o(i.USART_GetFlagStatus)
    i.USART_GetITStatus                      0x08001f0e   Section        0  stm32f10x_usart.o(i.USART_GetITStatus)
    i.USART_ITConfig                         0x08001f62   Section        0  stm32f10x_usart.o(i.USART_ITConfig)
    i.USART_Init                             0x08001fac   Section        0  stm32f10x_usart.o(i.USART_Init)
    i.USART_ReceiveData                      0x08002084   Section        0  stm32f10x_usart.o(i.USART_ReceiveData)
    i.USART_SendData                         0x0800208e   Section        0  stm32f10x_usart.o(i.USART_SendData)
    i.UsageFault_Handler                     0x08002096   Section        0  stm32f10x_it.o(i.UsageFault_Handler)
    i.Usart_SendByte                         0x0800209a   Section        0  usart.o(i.Usart_SendByte)
    i.Usart_SendString                       0x080020b8   Section        0  usart.o(i.Usart_SendString)
    i.__0printf$3                            0x080020e4   Section        0  printf3.o(i.__0printf$3)
    i.__scatterload_copy                     0x08002104   Section       14  handlers.o(i.__scatterload_copy)
    i.__scatterload_null                     0x08002112   Section        2  handlers.o(i.__scatterload_null)
    i.__scatterload_zeroinit                 0x08002114   Section       14  handlers.o(i.__scatterload_zeroinit)
    i._printf_core                           0x08002124   Section        0  printf3.o(i._printf_core)
    _printf_core                             0x08002125   Thumb Code   436  printf3.o(i._printf_core)
    i.delay_init                             0x080022dc   Section        0  delay.o(i.delay_init)
    i.delay_ms                               0x08002338   Section        0  delay.o(i.delay_ms)
    i.delay_osschedlock                      0x08002388   Section        0  delay.o(i.delay_osschedlock)
    i.delay_osschedunlock                    0x08002390   Section        0  delay.o(i.delay_osschedunlock)
    i.delay_ostimedly                        0x08002398   Section        0  delay.o(i.delay_ostimedly)
    i.delay_us                               0x080023a4   Section        0  delay.o(i.delay_us)
    i.fputc                                  0x08002400   Section        0  usart.o(i.fputc)
    i.key1_check_task                        0x0800241c   Section        0  main.o(i.key1_check_task)
    i.key_handler_task                       0x08002564   Section        0  main.o(i.key_handler_task)
    i.key_scan_task                          0x080025b8   Section        0  main.o(i.key_scan_task)
    i.led0_task                              0x080025ec   Section        0  main.o(i.led0_task)
    i.led1_task                              0x08002614   Section        0  main.o(i.led1_task)
    i.main                                   0x08002640   Section        0  main.o(i.main)
    i.queue_post_task                        0x08002678   Section        0  main.o(i.queue_post_task)
    i.queue_request_task                     0x08002684   Section        0  main.o(i.queue_request_task)
    i.sem_handler_task1                      0x080026c8   Section        0  main.o(i.sem_handler_task1)
    i.start_task                             0x080026ec   Section        0  main.o(i.start_task)
    i.tmr1_callback                          0x08002818   Section        0  main.o(i.tmr1_callback)
    i.uart1_init                             0x08002828   Section        0  usart.o(i.uart1_init)
    i.uart4_init                             0x080028c8   Section        0  usart.o(i.uart4_init)
    i.uart_init                              0x08002970   Section        0  usart.o(i.uart_init)
    .constdata                               0x08002984   Section      256  os_core.o(.constdata)
    .data                                    0x20000000   Section       24  main.o(.data)
    .data                                    0x20000018   Section       20  system_stm32f10x.o(.data)
    .data                                    0x2000002c   Section        4  delay.o(.data)
    fac_us                                   0x2000002c   Data           1  delay.o(.data)
    fac_ms                                   0x2000002e   Data           2  delay.o(.data)
    .data                                    0x20000030   Section        6  usart.o(.data)
    .data                                    0x20000036   Section       20  stm32f10x_rcc.o(.data)
    APBAHBPrescTable                         0x20000036   Data          16  stm32f10x_rcc.o(.data)
    ADCPrescTable                            0x20000046   Data           4  stm32f10x_rcc.o(.data)
    .data                                    0x2000004c   Section       92  os_core.o(.data)
    .data                                    0x200000a8   Section        6  os_cpu_c.o(.data)
    OSTmrCtr                                 0x200000ac   Data           2  os_cpu_c.o(.data)
    .bss                                     0x200000b0   Section     3840  main.o(.bss)
    .bss                                     0x20000fb0   Section      200  usart.o(.bss)
    .bss                                     0x20001078   Section     3904  os_core.o(.bss)
    STACK                                    0x20001fb8   Section     1024  startup_stm32f10x_hd.o(STACK)

    Global Symbols

    Symbol Name                              Value     Ov Type        Size  Object(Section)

    BuildAttributes$$THM_ISAv4$P$D$K$B$S$PE$A:L22UL41UL21$X:L11$S22US41US21$IEEE1$IW$USESV6$~STKCKD$USESV7$~SHL$OTIME$ROPI$IEEEX$EBA8$MICROLIB$REQ8$PRES8$EABIv2 0x00000000   Number         0  anon$$obj.o ABSOLUTE
    __ARM_use_no_argv                        0x00000000   Number         0  main.o ABSOLUTE
    __use_no_errno                           0x00000000   Number         0  useno.o ABSOLUTE
    __use_no_exception_handling              0x00000000   Number         0  useno.o ABSOLUTE
    __use_no_fp                              0x00000000   Number         0  useno.o ABSOLUTE
    __use_no_heap                            0x00000000   Number         0  useno.o ABSOLUTE
    __use_no_heap_region                     0x00000000   Number         0  useno.o ABSOLUTE
    __use_no_semihosting                     0x00000000   Number         0  useno.o ABSOLUTE
    __use_no_semihosting_swi                 0x00000000   Number         0  useno.o ABSOLUTE
    __use_no_signal_handling                 0x00000000   Number         0  useno.o ABSOLUTE
    _printf_a                                0x00000000   Number         0  stubs.o ABSOLUTE
    _printf_c                                0x00000000   Number         0  stubs.o ABSOLUTE
    _printf_charcount                        0x00000000   Number         0  stubs.o ABSOLUTE
    _printf_d                                0x00000000   Number         0  stubs.o ABSOLUTE
    _printf_e                                0x00000000   Number         0  stubs.o ABSOLUTE
    _printf_f                                0x00000000   Number         0  stubs.o ABSOLUTE
    _printf_flags                            0x00000000   Number         0  stubs.o ABSOLUTE
    _printf_fp_dec                           0x00000000   Number         0  stubs.o ABSOLUTE
    _printf_fp_hex                           0x00000000   Number         0  stubs.o ABSOLUTE
    _printf_g                                0x00000000   Number         0  stubs.o ABSOLUTE
    _printf_i                                0x00000000   Number         0  stubs.o ABSOLUTE
    _printf_int_dec                          0x00000000   Number         0  stubs.o ABSOLUTE
    _printf_l                                0x00000000   Number         0  stubs.o ABSOLUTE
    _printf_lc                               0x00000000   Number         0  stubs.o ABSOLUTE
    _printf_ll                               0x00000000   Number         0  stubs.o ABSOLUTE
    _printf_lld                              0x00000000   Number         0  stubs.o ABSOLUTE
    _printf_lli                              0x00000000   Number         0  stubs.o ABSOLUTE
    _printf_llo                              0x00000000   Number         0  stubs.o ABSOLUTE
    _printf_llu                              0x00000000   Number         0  stubs.o ABSOLUTE
    _printf_llx                              0x00000000   Number         0  stubs.o ABSOLUTE
    _printf_longlong_dec                     0x00000000   Number         0  stubs.o ABSOLUTE
    _printf_longlong_hex                     0x00000000   Number         0  stubs.o ABSOLUTE
    _printf_longlong_oct                     0x00000000   Number         0  stubs.o ABSOLUTE
    _printf_ls                               0x00000000   Number         0  stubs.o ABSOLUTE
    _printf_mbtowc                           0x00000000   Number         0  stubs.o ABSOLUTE
    _printf_n                                0x00000000   Number         0  stubs.o ABSOLUTE
    _printf_o                                0x00000000   Number         0  stubs.o ABSOLUTE
    _printf_p                                0x00000000   Number         0  stubs.o ABSOLUTE
    _printf_percent                          0x00000000   Number         0  stubs.o ABSOLUTE
    _printf_pre_padding                      0x00000000   Number         0  stubs.o ABSOLUTE
    _printf_return_value                     0x00000000   Number         0  stubs.o ABSOLUTE
    _printf_s                                0x00000000   Number         0  stubs.o ABSOLUTE
    _printf_sizespec                         0x00000000   Number         0  stubs.o ABSOLUTE
    _printf_str                              0x00000000   Number         0  stubs.o ABSOLUTE
    _printf_truncate_signed                  0x00000000   Number         0  stubs.o ABSOLUTE
    _printf_truncate_unsigned                0x00000000   Number         0  stubs.o ABSOLUTE
    _printf_u                                0x00000000   Number         0  stubs.o ABSOLUTE
    _printf_wc                               0x00000000   Number         0  stubs.o ABSOLUTE
    _printf_wctomb                           0x00000000   Number         0  stubs.o ABSOLUTE
    _printf_widthprec                        0x00000000   Number         0  stubs.o ABSOLUTE
    _printf_x                                0x00000000   Number         0  stubs.o ABSOLUTE
    __cpp_initialize__aeabi_                  - Undefined Weak Reference
    __cxa_finalize                            - Undefined Weak Reference
    __decompress                              - Undefined Weak Reference
    _clock_init                               - Undefined Weak Reference
    _microlib_exit                            - Undefined Weak Reference
    __Vectors_Size                           0x00000130   Number         0  startup_stm32f10x_hd.o ABSOLUTE
    __Vectors                                0x08000000   Data           4  startup_stm32f10x_hd.o(RESET)
    __Vectors_End                            0x08000130   Data           0  startup_stm32f10x_hd.o(RESET)
    __main                                   0x08000131   Thumb Code     0  entry.o(.ARM.Collect$$$$00000000)
    _main_stk                                0x08000131   Thumb Code     0  entry2.o(.ARM.Collect$$$$00000001)
    _main_scatterload                        0x08000135   Thumb Code     0  entry5.o(.ARM.Collect$$$$00000004)
    __main_after_scatterload                 0x08000139   Thumb Code     0  entry5.o(.ARM.Collect$$$$00000004)
    _main_clock                              0x08000139   Thumb Code     0  entry7b.o(.ARM.Collect$$$$00000008)
    _main_cpp_init                           0x08000139   Thumb Code     0  entry8b.o(.ARM.Collect$$$$0000000A)
    _main_init                               0x08000139   Thumb Code     0  entry9a.o(.ARM.Collect$$$$0000000B)
    __rt_final_cpp                           0x08000141   Thumb Code     0  entry10a.o(.ARM.Collect$$$$0000000D)
    __rt_final_exit                          0x08000141   Thumb Code     0  entry11a.o(.ARM.Collect$$$$0000000F)
    Reset_Handler                            0x08000145   Thumb Code     8  startup_stm32f10x_hd.o(.text)
    ADC1_2_IRQHandler                        0x0800015f   Thumb Code     0  startup_stm32f10x_hd.o(.text)
    ADC3_IRQHandler                          0x0800015f   Thumb Code     0  startup_stm32f10x_hd.o(.text)
    CAN1_RX1_IRQHandler                      0x0800015f   Thumb Code     0  startup_stm32f10x_hd.o(.text)
    CAN1_SCE_IRQHandler                      0x0800015f   Thumb Code     0  startup_stm32f10x_hd.o(.text)
    DMA1_Channel1_IRQHandler                 0x0800015f   Thumb Code     0  startup_stm32f10x_hd.o(.text)
    DMA1_Channel2_IRQHandler                 0x0800015f   Thumb Code     0  startup_stm32f10x_hd.o(.text)
    DMA1_Channel3_IRQHandler                 0x0800015f   Thumb Code     0  startup_stm32f10x_hd.o(.text)
    DMA1_Channel4_IRQHandler                 0x0800015f   Thumb Code     0  startup_stm32f10x_hd.o(.text)
    DMA1_Channel5_IRQHandler                 0x0800015f   Thumb Code     0  startup_stm32f10x_hd.o(.text)
    DMA1_Channel6_IRQHandler                 0x0800015f   Thumb Code     0  startup_stm32f10x_hd.o(.text)
    DMA1_Channel7_IRQHandler                 0x0800015f   Thumb Code     0  startup_stm32f10x_hd.o(.text)
    DMA2_Channel1_IRQHandler                 0x0800015f   Thumb Code     0  startup_stm32f10x_hd.o(.text)
    DMA2_Channel2_IRQHandler                 0x0800015f   Thumb Code     0  startup_stm32f10x_hd.o(.text)
    DMA2_Channel3_IRQHandler                 0x0800015f   Thumb Code     0  startup_stm32f10x_hd.o(.text)
    DMA2_Channel4_5_IRQHandler               0x0800015f   Thumb Code     0  startup_stm32f10x_hd.o(.text)
    EXTI0_IRQHandler                         0x0800015f   Thumb Code     0  startup_stm32f10x_hd.o(.text)
    EXTI15_10_IRQHandler                     0x0800015f   Thumb Code     0  startup_stm32f10x_hd.o(.text)
    EXTI1_IRQHandler                         0x0800015f   Thumb Code     0  startup_stm32f10x_hd.o(.text)
    EXTI2_IRQHandler                         0x0800015f   Thumb Code     0  startup_stm32f10x_hd.o(.text)
    EXTI3_IRQHandler                         0x0800015f   Thumb Code     0  startup_stm32f10x_hd.o(.text)
    EXTI4_IRQHandler                         0x0800015f   Thumb Code     0  startup_stm32f10x_hd.o(.text)
    EXTI9_5_IRQHandler                       0x0800015f   Thumb Code     0  startup_stm32f10x_hd.o(.text)
    FLASH_IRQHandler                         0x0800015f   Thumb Code     0  startup_stm32f10x_hd.o(.text)
    FSMC_IRQHandler                          0x0800015f   Thumb Code     0  startup_stm32f10x_hd.o(.text)
    I2C1_ER_IRQHandler                       0x0800015f   Thumb Code     0  startup_stm32f10x_hd.o(.text)
    I2C1_EV_IRQHandler                       0x0800015f   Thumb Code     0  startup_stm32f10x_hd.o(.text)
    I2C2_ER_IRQHandler                       0x0800015f   Thumb Code     0  startup_stm32f10x_hd.o(.text)
    I2C2_EV_IRQHandler                       0x0800015f   Thumb Code     0  startup_stm32f10x_hd.o(.text)
    PVD_IRQHandler                           0x0800015f   Thumb Code     0  startup_stm32f10x_hd.o(.text)
    RCC_IRQHandler                           0x0800015f   Thumb Code     0  startup_stm32f10x_hd.o(.text)
    RTCAlarm_IRQHandler                      0x0800015f   Thumb Code     0  startup_stm32f10x_hd.o(.text)
    RTC_IRQHandler                           0x0800015f   Thumb Code     0  startup_stm32f10x_hd.o(.text)
    SDIO_IRQHandler                          0x0800015f   Thumb Code     0  startup_stm32f10x_hd.o(.text)
    SPI1_IRQHandler                          0x0800015f   Thumb Code     0  startup_stm32f10x_hd.o(.text)
    SPI2_IRQHandler                          0x0800015f   Thumb Code     0  startup_stm32f10x_hd.o(.text)
    SPI3_IRQHandler                          0x0800015f   Thumb Code     0  startup_stm32f10x_hd.o(.text)
    TAMPER_IRQHandler                        0x0800015f   Thumb Code     0  startup_stm32f10x_hd.o(.text)
    TIM1_BRK_IRQHandler                      0x0800015f   Thumb Code     0  startup_stm32f10x_hd.o(.text)
    TIM1_CC_IRQHandler                       0x0800015f   Thumb Code     0  startup_stm32f10x_hd.o(.text)
    TIM1_TRG_COM_IRQHandler                  0x0800015f   Thumb Code     0  startup_stm32f10x_hd.o(.text)
    TIM1_UP_IRQHandler                       0x0800015f   Thumb Code     0  startup_stm32f10x_hd.o(.text)
    TIM2_IRQHandler                          0x0800015f   Thumb Code     0  startup_stm32f10x_hd.o(.text)
    TIM3_IRQHandler                          0x0800015f   Thumb Code     0  startup_stm32f10x_hd.o(.text)
    TIM4_IRQHandler                          0x0800015f   Thumb Code     0  startup_stm32f10x_hd.o(.text)
    TIM5_IRQHandler                          0x0800015f   Thumb Code     0  startup_stm32f10x_hd.o(.text)
    TIM6_IRQHandler                          0x0800015f   Thumb Code     0  startup_stm32f10x_hd.o(.text)
    TIM7_IRQHandler                          0x0800015f   Thumb Code     0  startup_stm32f10x_hd.o(.text)
    TIM8_BRK_IRQHandler                      0x0800015f   Thumb Code     0  startup_stm32f10x_hd.o(.text)
    TIM8_CC_IRQHandler                       0x0800015f   Thumb Code     0  startup_stm32f10x_hd.o(.text)
    TIM8_TRG_COM_IRQHandler                  0x0800015f   Thumb Code     0  startup_stm32f10x_hd.o(.text)
    TIM8_UP_IRQHandler                       0x0800015f   Thumb Code     0  startup_stm32f10x_hd.o(.text)
    UART5_IRQHandler                         0x0800015f   Thumb Code     0  startup_stm32f10x_hd.o(.text)
    USART2_IRQHandler                        0x0800015f   Thumb Code     0  startup_stm32f10x_hd.o(.text)
    USART3_IRQHandler                        0x0800015f   Thumb Code     0  startup_stm32f10x_hd.o(.text)
    USBWakeUp_IRQHandler                     0x0800015f   Thumb Code     0  startup_stm32f10x_hd.o(.text)
    USB_HP_CAN1_TX_IRQHandler                0x0800015f   Thumb Code     0  startup_stm32f10x_hd.o(.text)
    USB_LP_CAN1_RX0_IRQHandler               0x0800015f   Thumb Code     0  startup_stm32f10x_hd.o(.text)
    WWDG_IRQHandler                          0x0800015f   Thumb Code     0  startup_stm32f10x_hd.o(.text)
    OS_CPU_SR_Save                           0x08000169   Thumb Code     0  os_cpu_a.o(.text)
    OS_CPU_SR_Restore                        0x08000171   Thumb Code     0  os_cpu_a.o(.text)
    OSStartHighRdy                           0x08000177   Thumb Code     0  os_cpu_a.o(.text)
    OSCtxSw                                  0x08000199   Thumb Code     0  os_cpu_a.o(.text)
    OSIntCtxSw                               0x080001a7   Thumb Code     0  os_cpu_a.o(.text)
    PendSV_Handler                           0x080001b7   Thumb Code     0  os_cpu_a.o(.text)
    __aeabi_uidiv                            0x0800021d   Thumb Code     0  uidiv.o(.text)
    __aeabi_uidivmod                         0x0800021d   Thumb Code    44  uidiv.o(.text)
    __scatterload                            0x08000249   Thumb Code    28  init.o(.text)
    __scatterload_rt2                        0x08000249   Thumb Code     0  init.o(.text)
    BusFault_Handler                         0x0800026d   Thumb Code     4  stm32f10x_it.o(i.BusFault_Handler)
    DebugMon_Handler                         0x08000271   Thumb Code     2  stm32f10x_it.o(i.DebugMon_Handler)
    GPIO_Init                                0x08000273   Thumb Code   278  stm32f10x_gpio.o(i.GPIO_Init)
    HardFault_Handler                        0x08000389   Thumb Code     4  stm32f10x_it.o(i.HardFault_Handler)
    KEY_Init                                 0x0800038d   Thumb Code    54  led.o(i.KEY_Init)
    LED_Init                                 0x080003cd   Thumb Code    42  led.o(i.LED_Init)
    MemManage_Handler                        0x080003fd   Thumb Code     4  stm32f10x_it.o(i.MemManage_Handler)
    NMI_Handler                              0x08000401   Thumb Code     2  stm32f10x_it.o(i.NMI_Handler)
    NVIC_Init                                0x08000405   Thumb Code   100  misc.o(i.NVIC_Init)
    NVIC_PriorityGroupConfig                 0x08000475   Thumb Code    10  misc.o(i.NVIC_PriorityGroupConfig)
    OSInit                                   0x08000489   Thumb Code    48  os_core.o(i.OSInit)
    OSInitHookBegin                          0x080004b9   Thumb Code     8  os_cpu_c.o(i.OSInitHookBegin)
    OSInitHookEnd                            0x080004c5   Thumb Code     2  os_cpu_c.o(i.OSInitHookEnd)
    OSIntEnter                               0x080004c9   Thumb Code    28  os_core.o(i.OSIntEnter)
    OSIntExit                                0x080004ed   Thumb Code   112  os_core.o(i.OSIntExit)
    OSMboxCreate                             0x0800057d   Thumb Code    68  os_mbox.o(i.OSMboxCreate)
    OSMboxPend                               0x080005c9   Thumb Code   246  os_mbox.o(i.OSMboxPend)
    OSMboxPost                               0x080006cd   Thumb Code    80  os_mbox.o(i.OSMboxPost)
    OSQCreate                                0x0800071d   Thumb Code   140  os_q.o(i.OSQCreate)
    OSQPend                                  0x080007b5   Thumb Code   272  os_q.o(i.OSQPend)
    OSSchedLock                              0x080008d1   Thumb Code    50  os_core.o(i.OSSchedLock)
    OSSchedUnlock                            0x08000911   Thumb Code    82  os_core.o(i.OSSchedUnlock)
    OSSemCreate                              0x08000971   Thumb Code    68  os_sem.o(i.OSSemCreate)
    OSSemPend                                0x080009bd   Thumb Code   222  os_sem.o(i.OSSemPend)
    OSSemPost                                0x08000aa9   Thumb Code    88  os_sem.o(i.OSSemPost)
    OSStart                                  0x08000b01   Thumb Code    48  os_core.o(i.OSStart)
    OSTCBInitHook                            0x08000b49   Thumb Code     2  os_cpu_c.o(i.OSTCBInitHook)
    OSTaskCreate                             0x08000b4d   Thumb Code   148  os_task.o(i.OSTaskCreate)
    OSTaskCreateExt                          0x08000bed   Thumb Code   170  os_task.o(i.OSTaskCreateExt)
    OSTaskCreateHook                         0x08000ca5   Thumb Code     2  os_cpu_c.o(i.OSTaskCreateHook)
    OSTaskIdleHook                           0x08000ca7   Thumb Code     2  os_cpu_c.o(i.OSTaskIdleHook)
    OSTaskNameSet                            0x08000ca9   Thumb Code    98  os_task.o(i.OSTaskNameSet)
    OSTaskResume                             0x08000d19   Thumb Code   154  os_task.o(i.OSTaskResume)
    OSTaskStatHook                           0x08000dc5   Thumb Code     2  os_cpu_c.o(i.OSTaskStatHook)
    OSTaskStkChk                             0x08000dc9   Thumb Code   132  os_task.o(i.OSTaskStkChk)
    OSTaskStkInit                            0x08000e55   Thumb Code   154  os_cpu_c.o(i.OSTaskStkInit)
    OSTaskSuspend                            0x08000ef1   Thumb Code   152  os_task.o(i.OSTaskSuspend)
    OSTaskSwHook                             0x08000f99   Thumb Code     2  os_cpu_c.o(i.OSTaskSwHook)
    OSTimeDly                                0x08000f9d   Thumb Code   100  os_time.o(i.OSTimeDly)
    OSTimeTick                               0x08001015   Thumb Code   210  os_core.o(i.OSTimeTick)
    OSTimeTickHook                           0x08001101   Thumb Code    30  os_cpu_c.o(i.OSTimeTickHook)
    OSTmrCreate                              0x08001125   Thumb Code    96  os_tmr.o(i.OSTmrCreate)
    OSTmrSignal                              0x08001189   Thumb Code    16  os_tmr.o(i.OSTmrSignal)
    OSTmrStart                               0x0800119d   Thumb Code   128  os_tmr.o(i.OSTmrStart)
    OSTmr_Init                               0x08001261   Thumb Code   148  os_tmr.o(i.OSTmr_Init)
    OS_EventTaskRdy                          0x08001499   Thumb Code   114  os_core.o(i.OS_EventTaskRdy)
    OS_EventTaskRemove                       0x0800151d   Thumb Code    42  os_core.o(i.OS_EventTaskRemove)
    OS_EventTaskWait                         0x08001549   Thumb Code   112  os_core.o(i.OS_EventTaskWait)
    OS_EventWaitListInit                     0x080015c5   Thumb Code    28  os_core.o(i.OS_EventWaitListInit)
    OS_FlagInit                              0x080015e1   Thumb Code    74  os_flag.o(i.OS_FlagInit)
    OS_MemClr                                0x08001845   Thumb Code    18  os_core.o(i.OS_MemClr)
    OS_QInit                                 0x08001859   Thumb Code    72  os_q.o(i.OS_QInit)
    OS_Sched                                 0x080018a9   Thumb Code    88  os_core.o(i.OS_Sched)
    OS_TCBInit                               0x08001949   Thumb Code   278  os_core.o(i.OS_TCBInit)
    OS_TaskIdle                              0x08001a7d   Thumb Code    34  os_core.o(i.OS_TaskIdle)
    OS_TaskStat                              0x08001aa5   Thumb Code   116  os_core.o(i.OS_TaskStat)
    OS_TaskStatStkChk                        0x08001b2d   Thumb Code    54  os_core.o(i.OS_TaskStatStkChk)
    OS_TaskStkClr                            0x08001b69   Thumb Code    26  os_task.o(i.OS_TaskStkClr)
    RCC_APB1PeriphClockCmd                   0x08001b85   Thumb Code    26  stm32f10x_rcc.o(i.RCC_APB1PeriphClockCmd)
    RCC_APB2PeriphClockCmd                   0x08001ba5   Thumb Code    26  stm32f10x_rcc.o(i.RCC_APB2PeriphClockCmd)
    RCC_GetClocksFreq                        0x08001bc5   Thumb Code   192  stm32f10x_rcc.o(i.RCC_GetClocksFreq)
    SVC_Handler                              0x08001c99   Thumb Code     2  stm32f10x_it.o(i.SVC_Handler)
    SysTick_CLKSourceConfig                  0x08001d85   Thumb Code    40  misc.o(i.SysTick_CLKSourceConfig)
    SysTick_Handler                          0x08001dad   Thumb Code    24  delay.o(i.SysTick_Handler)
    SystemInit                               0x08001dc9   Thumb Code    78  system_stm32f10x.o(i.SystemInit)
    UART4_IRQHandler                         0x08001e29   Thumb Code    32  usart.o(i.UART4_IRQHandler)
    USART1_IRQHandler                        0x08001e4d   Thumb Code   130  usart.o(i.USART1_IRQHandler)
    USART_Cmd                                0x08001edd   Thumb Code    24  stm32f10x_usart.o(i.USART_Cmd)
    USART_GetFlagStatus                      0x08001ef5   Thumb Code    26  stm32f10x_usart.o(i.USART_GetFlagStatus)
    USART_GetITStatus                        0x08001f0f   Thumb Code    84  stm32f10x_usart.o(i.USART_GetITStatus)
    USART_ITConfig                           0x08001f63   Thumb Code    74  stm32f10x_usart.o(i.USART_ITConfig)
    USART_Init                               0x08001fad   Thumb Code   210  stm32f10x_usart.o(i.USART_Init)
    USART_ReceiveData                        0x08002085   Thumb Code    10  stm32f10x_usart.o(i.USART_ReceiveData)
    USART_SendData                           0x0800208f   Thumb Code     8  stm32f10x_usart.o(i.USART_SendData)
    UsageFault_Handler                       0x08002097   Thumb Code     4  stm32f10x_it.o(i.UsageFault_Handler)
    Usart_SendByte                           0x0800209b   Thumb Code    30  usart.o(i.Usart_SendByte)
    Usart_SendString                         0x080020b9   Thumb Code    42  usart.o(i.Usart_SendString)
    __0printf$3                              0x080020e5   Thumb Code    22  printf3.o(i.__0printf$3)
    __1printf$3                              0x080020e5   Thumb Code     0  printf3.o(i.__0printf$3)
    __2printf                                0x080020e5   Thumb Code     0  printf3.o(i.__0printf$3)
    __scatterload_copy                       0x08002105   Thumb Code    14  handlers.o(i.__scatterload_copy)
    __scatterload_null                       0x08002113   Thumb Code     2  handlers.o(i.__scatterload_null)
    __scatterload_zeroinit                   0x08002115   Thumb Code    14  handlers.o(i.__scatterload_zeroinit)
    delay_init                               0x080022dd   Thumb Code    76  delay.o(i.delay_init)
    delay_ms                                 0x08002339   Thumb Code    66  delay.o(i.delay_ms)
    delay_osschedlock                        0x08002389   Thumb Code     8  delay.o(i.delay_osschedlock)
    delay_osschedunlock                      0x08002391   Thumb Code     8  delay.o(i.delay_osschedunlock)
    delay_ostimedly                          0x08002399   Thumb Code    12  delay.o(i.delay_ostimedly)
    delay_us                                 0x080023a5   Thumb Code    86  delay.o(i.delay_us)
    fputc                                    0x08002401   Thumb Code    24  usart.o(i.fputc)
    key1_check_task                          0x0800241d   Thumb Code   180  main.o(i.key1_check_task)
    key_handler_task                         0x08002565   Thumb Code    60  main.o(i.key_handler_task)
    key_scan_task                            0x080025b9   Thumb Code    42  main.o(i.key_scan_task)
    led0_task                                0x080025ed   Thumb Code    32  main.o(i.led0_task)
    led1_task                                0x08002615   Thumb Code    34  main.o(i.led1_task)
    main                                     0x08002641   Thumb Code    46  main.o(i.main)
    queue_post_task                          0x08002679   Thumb Code    12  main.o(i.queue_post_task)
    queue_request_task                       0x08002685   Thumb Code    38  main.o(i.queue_request_task)
    sem_handler_task1                        0x080026c9   Thumb Code    28  main.o(i.sem_handler_task1)
    start_task                               0x080026ed   Thumb Code   202  main.o(i.start_task)
    tmr1_callback                            0x08002819   Thumb Code    12  main.o(i.tmr1_callback)
    uart1_init                               0x08002829   Thumb Code   152  usart.o(i.uart1_init)
    uart4_init                               0x080028c9   Thumb Code   160  usart.o(i.uart4_init)
    uart_init                                0x08002971   Thumb Code    20  usart.o(i.uart_init)
    OSUnMapTbl                               0x08002984   Data         256  os_core.o(.constdata)
    Region$$Table$$Base                      0x08002a84   Number         0  anon$$obj.o(Region$$Table)
    Region$$Table$$Limit                     0x08002aa4   Number         0  anon$$obj.o(Region$$Table)
    timeCount                                0x20000000   Data           2  main.o(.data)
    key1_count                               0x20000002   Data           1  main.o(.data)
    key1_downstate                           0x20000003   Data           1  main.o(.data)
    key_msg_event                            0x20000004   Data           4  main.o(.data)
    sem_event                                0x20000008   Data           4  main.o(.data)
    queue_msg                                0x2000000c   Data           4  main.o(.data)
    tmr1                                     0x20000010   Data           4  main.o(.data)
    tmr2                                     0x20000014   Data           4  main.o(.data)
    SystemCoreClock                          0x20000018   Data           4  system_stm32f10x.o(.data)
    AHBPrescTable                            0x2000001c   Data          16  system_stm32f10x.o(.data)
    __stdout                                 0x20000030   Data           4  usart.o(.data)
    USART_RX_STA                             0x20000034   Data           2  usart.o(.data)
    OSCtxSwCtr                               0x2000004c   Data           4  os_core.o(.data)
    OSEventFreeList                          0x20000050   Data           4  os_core.o(.data)
    OSFlagFreeList                           0x20000054   Data           4  os_core.o(.data)
    OSCPUUsage                               0x20000058   Data           1  os_core.o(.data)
    OSIdleCtrMax                             0x2000005c   Data           4  os_core.o(.data)
    OSIdleCtrRun                             0x20000060   Data           4  os_core.o(.data)
    OSStatRdy                                0x20000064   Data           1  os_core.o(.data)
    OSIntNesting                             0x20000065   Data           1  os_core.o(.data)
    OSLockNesting                            0x20000066   Data           1  os_core.o(.data)
    OSPrioCur                                0x20000067   Data           1  os_core.o(.data)
    OSPrioHighRdy                            0x20000068   Data           1  os_core.o(.data)
    OSRdyGrp                                 0x20000069   Data           1  os_core.o(.data)
    OSRdyTbl                                 0x2000006a   Data           8  os_core.o(.data)
    OSRunning                                0x20000072   Data           1  os_core.o(.data)
    OSTaskCtr                                0x20000073   Data           1  os_core.o(.data)
    OSIdleCtr                                0x20000074   Data           4  os_core.o(.data)
    OSTCBCur                                 0x20000078   Data           4  os_core.o(.data)
    OSTCBFreeList                            0x2000007c   Data           4  os_core.o(.data)
    OSTCBHighRdy                             0x20000080   Data           4  os_core.o(.data)
    OSTCBList                                0x20000084   Data           4  os_core.o(.data)
    OSTickStepState                          0x20000088   Data           1  os_core.o(.data)
    OSQFreeList                              0x2000008c   Data           4  os_core.o(.data)
    OSTime                                   0x20000090   Data           4  os_core.o(.data)
    OSTmrFree                                0x20000094   Data           2  os_core.o(.data)
    OSTmrUsed                                0x20000096   Data           2  os_core.o(.data)
    OSTmrTime                                0x20000098   Data           4  os_core.o(.data)
    OSTmrSem                                 0x2000009c   Data           4  os_core.o(.data)
    OSTmrSemSignal                           0x200000a0   Data           4  os_core.o(.data)
    OSTmrFreeList                            0x200000a4   Data           4  os_core.o(.data)
    OSInterrputSum                           0x200000a8   Data           4  os_cpu_c.o(.data)
    START_TASK_STK                           0x200000b0   Data         256  main.o(.bss)
    LED0_TASK_STK                            0x200001b0   Data         256  main.o(.bss)
    LED1_TASK_STK                            0x200002b0   Data         256  main.o(.bss)
    KEY_SCAN_TASK_STK                        0x200003b0   Data         256  main.o(.bss)
    KEY_HANDLER_TASK_STK                     0x200004b0   Data         256  main.o(.bss)
    SEM_HANDLER_TASK1_STK                    0x200005b0   Data         256  main.o(.bss)
    SEM_HANDLER_TASK2_STK                    0x200006b0   Data         256  main.o(.bss)
    SEM_HANDLER_TASK3_STK                    0x200007b0   Data         256  main.o(.bss)
    QUEUE_REQUEST_TASK_STK                   0x200008b0   Data         256  main.o(.bss)
    QUEUE_POST_TASK_STK                      0x200009b0   Data         256  main.o(.bss)
    KEY1_CHECK_TASK_STK                      0x20000ab0   Data         256  main.o(.bss)
    msg_array                                0x20000bb0   Data        1024  main.o(.bss)
    USART_RX_BUF                             0x20000fb0   Data         200  usart.o(.bss)
    OSEventTbl                               0x20001078   Data         200  os_core.o(.bss)
    OSFlagTbl                                0x20001140   Data          80  os_core.o(.bss)
    OSTaskStatStk                            0x20001190   Data         512  os_core.o(.bss)
    OSTaskIdleStk                            0x20001390   Data         512  os_core.o(.bss)
    OSTCBPrioTbl                             0x20001590   Data         256  os_core.o(.bss)
    OSTCBTbl                                 0x20001690   Data        1008  os_core.o(.bss)
    OSQTbl                                   0x20001a80   Data         120  os_core.o(.bss)
    OSTmrTbl                                 0x20001af8   Data         640  os_core.o(.bss)
    OSTmrTaskStk                             0x20001d78   Data         512  os_core.o(.bss)
    OSTmrWheelTbl                            0x20001f78   Data          64  os_core.o(.bss)
    __initial_sp                             0x200023b8   Data           0  startup_stm32f10x_hd.o(STACK)



==============================================================================

Memory Map of the image

  Image Entry point : 0x08000145

  Load Region LR_1 (Base: 0x08000000, Size: 0x00002b54, Max: 0xffffffff, ABSOLUTE)

    Execution Region ER_RO (Exec base: 0x08000000, Load base: 0x08000000, Size: 0x00002aa4, Max: 0xffffffff, ABSOLUTE)

    Exec Addr    Load Addr    Size         Type   Attr      Idx    E Section Name        Object

    0x08000000   0x08000000   0x00000130   Data   RO          669    RESET               startup_stm32f10x_hd.o
    0x08000130   0x08000130   0x00000000   Code   RO         2049  * .ARM.Collect$$$$00000000  mc_w.l(entry.o)
    0x08000130   0x08000130   0x00000004   Code   RO         2341    .ARM.Collect$$$$00000001  mc_w.l(entry2.o)
    0x08000134   0x08000134   0x00000004   Code   RO         2344    .ARM.Collect$$$$00000004  mc_w.l(entry5.o)
    0x08000138   0x08000138   0x00000000   Code   RO         2346    .ARM.Collect$$$$00000008  mc_w.l(entry7b.o)
    0x08000138   0x08000138   0x00000000   Code   RO         2348    .ARM.Collect$$$$0000000A  mc_w.l(entry8b.o)
    0x08000138   0x08000138   0x00000008   Code   RO         2349    .ARM.Collect$$$$0000000B  mc_w.l(entry9a.o)
    0x08000140   0x08000140   0x00000000   Code   RO         2351    .ARM.Collect$$$$0000000D  mc_w.l(entry10a.o)
    0x08000140   0x08000140   0x00000000   Code   RO         2353    .ARM.Collect$$$$0000000F  mc_w.l(entry11a.o)
    0x08000140   0x08000140   0x00000004   Code   RO         2342    .ARM.Collect$$$$00002712  mc_w.l(entry2.o)
    0x08000144   0x08000144   0x00000024   Code   RO          670  * .text               startup_stm32f10x_hd.o
    0x08000168   0x08000168   0x000000b4   Code   RO         1946    .text               os_cpu_a.o
    0x0800021c   0x0800021c   0x0000002c   Code   RO         2355    .text               mc_w.l(uidiv.o)
    0x08000248   0x08000248   0x00000024   Code   RO         2385    .text               mc_w.l(init.o)
    0x0800026c   0x0800026c   0x00000004   Code   RO          231    i.BusFault_Handler  stm32f10x_it.o
    0x08000270   0x08000270   0x00000002   Code   RO          232    i.DebugMon_Handler  stm32f10x_it.o
    0x08000272   0x08000272   0x00000116   Code   RO          716    i.GPIO_Init         stm32f10x_gpio.o
    0x08000388   0x08000388   0x00000004   Code   RO          233    i.HardFault_Handler  stm32f10x_it.o
    0x0800038c   0x0800038c   0x00000040   Code   RO          342    i.KEY_Init          led.o
    0x080003cc   0x080003cc   0x00000030   Code   RO          343    i.LED_Init          led.o
    0x080003fc   0x080003fc   0x00000004   Code   RO          234    i.MemManage_Handler  stm32f10x_it.o
    0x08000400   0x08000400   0x00000002   Code   RO          235    i.NMI_Handler       stm32f10x_it.o
    0x08000402   0x08000402   0x00000002   PAD
    0x08000404   0x08000404   0x00000070   Code   RO          674    i.NVIC_Init         misc.o
    0x08000474   0x08000474   0x00000014   Code   RO          675    i.NVIC_PriorityGroupConfig  misc.o
    0x08000488   0x08000488   0x00000030   Code   RO         1228    i.OSInit            os_core.o
    0x080004b8   0x080004b8   0x0000000c   Code   RO         1949    i.OSInitHookBegin   os_cpu_c.o
    0x080004c4   0x080004c4   0x00000002   Code   RO         1950    i.OSInitHookEnd     os_cpu_c.o
    0x080004c6   0x080004c6   0x00000002   PAD
    0x080004c8   0x080004c8   0x00000024   Code   RO         1229    i.OSIntEnter        os_core.o
    0x080004ec   0x080004ec   0x00000090   Code   RO         1230    i.OSIntExit         os_core.o
    0x0800057c   0x0800057c   0x0000004c   Code   RO         1492    i.OSMboxCreate      os_mbox.o
    0x080005c8   0x080005c8   0x00000104   Code   RO         1494    i.OSMboxPend        os_mbox.o
    0x080006cc   0x080006cc   0x00000050   Code   RO         1496    i.OSMboxPost        os_mbox.o
    0x0800071c   0x0800071c   0x00000098   Code   RO         1599    i.OSQCreate         os_q.o
    0x080007b4   0x080007b4   0x0000011c   Code   RO         1602    i.OSQPend           os_q.o
    0x080008d0   0x080008d0   0x00000040   Code   RO         1231    i.OSSchedLock       os_core.o
    0x08000910   0x08000910   0x00000060   Code   RO         1232    i.OSSchedUnlock     os_core.o
    0x08000970   0x08000970   0x0000004c   Code   RO         1671    i.OSSemCreate       os_sem.o
    0x080009bc   0x080009bc   0x000000ec   Code   RO         1673    i.OSSemPend         os_sem.o
    0x08000aa8   0x08000aa8   0x00000058   Code   RO         1675    i.OSSemPost         os_sem.o
    0x08000b00   0x08000b00   0x00000048   Code   RO         1233    i.OSStart           os_core.o
    0x08000b48   0x08000b48   0x00000002   Code   RO         1951    i.OSTCBInitHook     os_cpu_c.o
    0x08000b4a   0x08000b4a   0x00000002   PAD
    0x08000b4c   0x08000b4c   0x000000a0   Code   RO         1725    i.OSTaskCreate      os_task.o
    0x08000bec   0x08000bec   0x000000b8   Code   RO         1726    i.OSTaskCreateExt   os_task.o
    0x08000ca4   0x08000ca4   0x00000002   Code   RO         1952    i.OSTaskCreateHook  os_cpu_c.o
    0x08000ca6   0x08000ca6   0x00000002   Code   RO         1954    i.OSTaskIdleHook    os_cpu_c.o
    0x08000ca8   0x08000ca8   0x00000070   Code   RO         1730    i.OSTaskNameSet     os_task.o
    0x08000d18   0x08000d18   0x000000ac   Code   RO         1734    i.OSTaskResume      os_task.o
    0x08000dc4   0x08000dc4   0x00000002   Code   RO         1956    i.OSTaskStatHook    os_cpu_c.o
    0x08000dc6   0x08000dc6   0x00000002   PAD
    0x08000dc8   0x08000dc8   0x0000008c   Code   RO         1735    i.OSTaskStkChk      os_task.o
    0x08000e54   0x08000e54   0x0000009a   Code   RO         1957    i.OSTaskStkInit     os_cpu_c.o
    0x08000eee   0x08000eee   0x00000002   PAD
    0x08000ef0   0x08000ef0   0x000000a8   Code   RO         1736    i.OSTaskSuspend     os_task.o
    0x08000f98   0x08000f98   0x00000002   Code   RO         1958    i.OSTaskSwHook      os_cpu_c.o
    0x08000f9a   0x08000f9a   0x00000002   PAD
    0x08000f9c   0x08000f9c   0x00000078   Code   RO         1820    i.OSTimeDly         os_time.o
    0x08001014   0x08001014   0x000000ec   Code   RO         1235    i.OSTimeTick        os_core.o
    0x08001100   0x08001100   0x00000024   Code   RO         1959    i.OSTimeTickHook    os_cpu_c.o
    0x08001124   0x08001124   0x00000064   Code   RO         1856    i.OSTmrCreate       os_tmr.o
    0x08001188   0x08001188   0x00000014   Code   RO         1860    i.OSTmrSignal       os_tmr.o
    0x0800119c   0x0800119c   0x00000084   Code   RO         1861    i.OSTmrStart        os_tmr.o
    0x08001220   0x08001220   0x00000040   Code   RO         1864    i.OSTmr_Alloc       os_tmr.o
    0x08001260   0x08001260   0x000000b8   Code   RO         1866    i.OSTmr_Init        os_tmr.o
    0x08001318   0x08001318   0x00000050   Code   RO         1867    i.OSTmr_InitTask    os_tmr.o
    0x08001368   0x08001368   0x0000006c   Code   RO         1868    i.OSTmr_Link        os_tmr.o
    0x080013d4   0x080013d4   0x00000080   Code   RO         1869    i.OSTmr_Task        os_tmr.o
    0x08001454   0x08001454   0x00000044   Code   RO         1870    i.OSTmr_Unlink      os_tmr.o
    0x08001498   0x08001498   0x00000084   Code   RO         1238    i.OS_EventTaskRdy   os_core.o
    0x0800151c   0x0800151c   0x0000002a   Code   RO         1239    i.OS_EventTaskRemove  os_core.o
    0x08001546   0x08001546   0x00000002   PAD
    0x08001548   0x08001548   0x0000007c   Code   RO         1240    i.OS_EventTaskWait  os_core.o
    0x080015c4   0x080015c4   0x0000001c   Code   RO         1241    i.OS_EventWaitListInit  os_core.o
    0x080015e0   0x080015e0   0x00000058   Code   RO         1419    i.OS_FlagInit       os_flag.o
    0x08001638   0x08001638   0x00000054   Code   RO         1242    i.OS_InitEventList  os_core.o
    0x0800168c   0x0800168c   0x00000054   Code   RO         1243    i.OS_InitMisc       os_core.o
    0x080016e0   0x080016e0   0x00000044   Code   RO         1244    i.OS_InitRdyList    os_core.o
    0x08001724   0x08001724   0x00000080   Code   RO         1245    i.OS_InitTCBList    os_core.o
    0x080017a4   0x080017a4   0x00000050   Code   RO         1246    i.OS_InitTaskIdle   os_core.o
    0x080017f4   0x080017f4   0x00000050   Code   RO         1247    i.OS_InitTaskStat   os_core.o
    0x08001844   0x08001844   0x00000012   Code   RO         1248    i.OS_MemClr         os_core.o
    0x08001856   0x08001856   0x00000002   PAD
    0x08001858   0x08001858   0x00000050   Code   RO         1608    i.OS_QInit          os_q.o
    0x080018a8   0x080018a8   0x00000074   Code   RO         1250    i.OS_Sched          os_core.o
    0x0800191c   0x0800191c   0x0000002c   Code   RO         1251    i.OS_SchedNew       os_core.o
    0x08001948   0x08001948   0x00000134   Code   RO         1253    i.OS_TCBInit        os_core.o
    0x08001a7c   0x08001a7c   0x00000028   Code   RO         1254    i.OS_TaskIdle       os_core.o
    0x08001aa4   0x08001aa4   0x00000088   Code   RO         1255    i.OS_TaskStat       os_core.o
    0x08001b2c   0x08001b2c   0x0000003c   Code   RO         1256    i.OS_TaskStatStkChk  os_core.o
    0x08001b68   0x08001b68   0x0000001a   Code   RO         1738    i.OS_TaskStkClr     os_task.o
    0x08001b82   0x08001b82   0x00000002   PAD
    0x08001b84   0x08001b84   0x00000020   Code   RO          850    i.RCC_APB1PeriphClockCmd  stm32f10x_rcc.o
    0x08001ba4   0x08001ba4   0x00000020   Code   RO          852    i.RCC_APB2PeriphClockCmd  stm32f10x_rcc.o
    0x08001bc4   0x08001bc4   0x000000d4   Code   RO          860    i.RCC_GetClocksFreq  stm32f10x_rcc.o
    0x08001c98   0x08001c98   0x00000002   Code   RO          236    i.SVC_Handler       stm32f10x_it.o
    0x08001c9a   0x08001c9a   0x00000008   Code   RO          308    i.SetSysClock       system_stm32f10x.o
    0x08001ca2   0x08001ca2   0x00000002   PAD
    0x08001ca4   0x08001ca4   0x000000e0   Code   RO          309    i.SetSysClockTo72   system_stm32f10x.o
    0x08001d84   0x08001d84   0x00000028   Code   RO          678    i.SysTick_CLKSourceConfig  misc.o
    0x08001dac   0x08001dac   0x0000001c   Code   RO          507    i.SysTick_Handler   delay.o
    0x08001dc8   0x08001dc8   0x00000060   Code   RO          311    i.SystemInit        system_stm32f10x.o
    0x08001e28   0x08001e28   0x00000024   Code   RO          586    i.UART4_IRQHandler  usart.o
    0x08001e4c   0x08001e4c   0x00000090   Code   RO          587    i.USART1_IRQHandler  usart.o
    0x08001edc   0x08001edc   0x00000018   Code   RO         1052    i.USART_Cmd         stm32f10x_usart.o
    0x08001ef4   0x08001ef4   0x0000001a   Code   RO         1055    i.USART_GetFlagStatus  stm32f10x_usart.o
    0x08001f0e   0x08001f0e   0x00000054   Code   RO         1056    i.USART_GetITStatus  stm32f10x_usart.o
    0x08001f62   0x08001f62   0x0000004a   Code   RO         1058    i.USART_ITConfig    stm32f10x_usart.o
    0x08001fac   0x08001fac   0x000000d8   Code   RO         1059    i.USART_Init        stm32f10x_usart.o
    0x08002084   0x08002084   0x0000000a   Code   RO         1066    i.USART_ReceiveData  stm32f10x_usart.o
    0x0800208e   0x0800208e   0x00000008   Code   RO         1069    i.USART_SendData    stm32f10x_usart.o
    0x08002096   0x08002096   0x00000004   Code   RO          237    i.UsageFault_Handler  stm32f10x_it.o
    0x0800209a   0x0800209a   0x0000001e   Code   RO          588    i.Usart_SendByte    usart.o
    0x080020b8   0x080020b8   0x0000002a   Code   RO          589    i.Usart_SendString  usart.o
    0x080020e2   0x080020e2   0x00000002   PAD
    0x080020e4   0x080020e4   0x00000020   Code   RO         2141    i.__0printf$3       mc_w.l(printf3.o)
    0x08002104   0x08002104   0x0000000e   Code   RO         2395    i.__scatterload_copy  mc_w.l(handlers.o)
    0x08002112   0x08002112   0x00000002   Code   RO         2396    i.__scatterload_null  mc_w.l(handlers.o)
    0x08002114   0x08002114   0x0000000e   Code   RO         2397    i.__scatterload_zeroinit  mc_w.l(handlers.o)
    0x08002122   0x08002122   0x00000002   PAD
    0x08002124   0x08002124   0x000001b8   Code   RO         2148    i._printf_core      mc_w.l(printf3.o)
    0x080022dc   0x080022dc   0x0000005c   Code   RO          508    i.delay_init        delay.o
    0x08002338   0x08002338   0x00000050   Code   RO          509    i.delay_ms          delay.o
    0x08002388   0x08002388   0x00000008   Code   RO          510    i.delay_osschedlock  delay.o
    0x08002390   0x08002390   0x00000008   Code   RO          511    i.delay_osschedunlock  delay.o
    0x08002398   0x08002398   0x0000000c   Code   RO          512    i.delay_ostimedly   delay.o
    0x080023a4   0x080023a4   0x0000005c   Code   RO          513    i.delay_us          delay.o
    0x08002400   0x08002400   0x0000001c   Code   RO          591    i.fputc             usart.o
    0x0800241c   0x0800241c   0x00000148   Code   RO            1    i.key1_check_task   main.o
    0x08002564   0x08002564   0x00000054   Code   RO            2    i.key_handler_task  main.o
    0x080025b8   0x080025b8   0x00000034   Code   RO            3    i.key_scan_task     main.o
    0x080025ec   0x080025ec   0x00000028   Code   RO            4    i.led0_task         main.o
    0x08002614   0x08002614   0x0000002c   Code   RO            5    i.led1_task         main.o
    0x08002640   0x08002640   0x00000038   Code   RO            6    i.main              main.o
    0x08002678   0x08002678   0x0000000c   Code   RO            7    i.queue_post_task   main.o
    0x08002684   0x08002684   0x00000044   Code   RO            8    i.queue_request_task  main.o
    0x080026c8   0x080026c8   0x00000024   Code   RO            9    i.sem_handler_task1  main.o
    0x080026ec   0x080026ec   0x0000012c   Code   RO           12    i.start_task        main.o
    0x08002818   0x08002818   0x00000010   Code   RO           13    i.tmr1_callback     main.o
    0x08002828   0x08002828   0x000000a0   Code   RO          592    i.uart1_init        usart.o
    0x080028c8   0x080028c8   0x000000a8   Code   RO          593    i.uart4_init        usart.o
    0x08002970   0x08002970   0x00000014   Code   RO          594    i.uart_init         usart.o
    0x08002984   0x08002984   0x00000100   Data   RO         1258    .constdata          os_core.o
    0x08002a84   0x08002a84   0x00000020   Data   RO         2393    Region$$Table       anon$$obj.o


    Execution Region ER_RW (Exec base: 0x20000000, Load base: 0x08002aa4, Size: 0x000000b0, Max: 0xffffffff, ABSOLUTE)

    Exec Addr    Load Addr    Size         Type   Attr      Idx    E Section Name        Object

    0x20000000   0x08002aa4   0x00000018   Data   RW           15    .data               main.o
    0x20000018   0x08002abc   0x00000014   Data   RW          312    .data               system_stm32f10x.o
    0x2000002c   0x08002ad0   0x00000004   Data   RW          514    .data               delay.o
    0x20000030   0x08002ad4   0x00000006   Data   RW          596    .data               usart.o
    0x20000036   0x08002ada   0x00000014   Data   RW          880    .data               stm32f10x_rcc.o
    0x2000004a   0x08002aee   0x00000002   PAD
    0x2000004c   0x08002af0   0x0000005c   Data   RW         1259    .data               os_core.o
    0x200000a8   0x08002b4c   0x00000006   Data   RW         1960    .data               os_cpu_c.o


    Execution Region ER_ZI (Exec base: 0x200000b0, Load base: 0x08002b54, Size: 0x00002308, Max: 0xffffffff, ABSOLUTE)

    Exec Addr    Load Addr    Size         Type   Attr      Idx    E Section Name        Object

    0x200000b0        -       0x00000f00   Zero   RW           14    .bss                main.o
    0x20000fb0        -       0x000000c8   Zero   RW          595    .bss                usart.o
    0x20001078        -       0x00000f40   Zero   RW         1257    .bss                os_core.o
    0x20001fb8        -       0x00000400   Zero   RW          667    STACK               startup_stm32f10x_hd.o


==============================================================================

Image component sizes


      Code (inc. data)   RO Data    RW Data    ZI Data      Debug   Object Name

       320         40          0          4          0       3825   delay.o
       112         16          0          0          0        986   led.o
      1036        350          0         24       3840     249856   main.o
       172         22          0          0          0       2065   misc.o
      2268        412        256         92       3904      22452   os_core.o
       180         36          0          0          0        336   os_cpu_a.o
       214         10          0          6          0      13816   os_cpu_c.o
        88         14          0          0          0        590   os_flag.o
       416         22          0          0          0       2629   os_mbox.o
       516         32          0          0          0       2669   os_q.o
       400         22          0          0          0       2438   os_sem.o
       962         82          0          0          0       6159   os_task.o
       120         20          0          0          0        628   os_time.o
       884        120          0          0          0       5990   os_tmr.o
        36          8        304          0       1024        796   startup_stm32f10x_hd.o
       278          0          0          0          0       1968   stm32f10x_gpio.o
        22          0          0          0          0       2895   stm32f10x_it.o
       276         32          0         20          0       4450   stm32f10x_rcc.o
       442          6          0          0          0       6181   stm32f10x_usart.o
         0          0          0          0          0         32   sys.o
       328         28          0         20          0       2097   system_stm32f10x.o
       628         38          0          6        200       6589   usart.o

    ----------------------------------------------------------------------
      9720       1310        592        176       8968     339447   Object Totals
         0          0         32          0          0          0   (incl. Generated)
        22          0          0          4          0          0   (incl. Padding)

    ----------------------------------------------------------------------

      Code (inc. data)   RO Data    RW Data    ZI Data      Debug   Library Member Name

         0          0          0          0          0          0   entry.o
         0          0          0          0          0          0   entry10a.o
         0          0          0          0          0          0   entry11a.o
         8          4          0          0          0          0   entry2.o
         4          0          0          0          0          0   entry5.o
         0          0          0          0          0          0   entry7b.o
         0          0          0          0          0          0   entry8b.o
         8          4          0          0          0          0   entry9a.o
        30          0          0          0          0          0   handlers.o
        36          8          0          0          0         68   init.o
       472         14          0          0          0        184   printf3.o
        44          0          0          0          0         80   uidiv.o

    ----------------------------------------------------------------------
       604         30          0          0          0        332   Library Totals
         2          0          0          0          0          0   (incl. Padding)

    ----------------------------------------------------------------------

      Code (inc. data)   RO Data    RW Data    ZI Data      Debug   Library Name

       602         30          0          0          0        332   mc_w.l

    ----------------------------------------------------------------------
       604         30          0          0          0        332   Library Totals

    ----------------------------------------------------------------------

==============================================================================


      Code (inc. data)   RO Data    RW Data    ZI Data      Debug   

     10324       1340        592        176       8968     334263   Grand Totals
     10324       1340        592        176       8968     334263   ELF Image Totals
     10324       1340        592        176          0          0   ROM Totals

==============================================================================

    Total RO  Size (Code + RO Data)                10916 (  10.66kB)
    Total RW  Size (RW Data + ZI Data)              9144 (   8.93kB)
    Total ROM Size (Code + RO Data + RW Data)      11092 (  10.83kB)

==============================================================================

